Archive member included to satisfy reference by file (symbol)

C:/Program Files/SEGGER/SEGGER Embedded Studio for ARM 6.34a/lib/libc_v7em_fpv4_sp_d16_hard_t_le_eabi_balanced.a(floatasmops_arm.o)
                              Output/Debug/Obj/breadcrumb/deca_device.o (__aeabi_dsub)
C:/Program Files/SEGGER/SEGGER Embedded Studio for ARM 6.34a/lib/libc_v7em_fpv4_sp_d16_hard_t_le_eabi_balanced.a(intasmops_arm.o)
                              Output/Debug/Obj/breadcrumb/bsp.o (__aeabi_uldivmod)
C:/Program Files/SEGGER/SEGGER Embedded Studio for ARM 6.34a/lib/libc_v7em_fpv4_sp_d16_hard_t_le_eabi_balanced.a(strasmops_arm.o)
                              Output/Debug/Obj/breadcrumb/nrf_fprintf_format.o (strlen)
C:/Program Files/SEGGER/SEGGER Embedded Studio for ARM 6.34a/lib/libc_v7em_fpv4_sp_d16_hard_t_le_eabi_balanced.a(strops.o)
                              Output/Debug/Obj/breadcrumb/uwb_bread.o (memcmp)
C:/Program Files/SEGGER/SEGGER Embedded Studio for ARM 6.34a/lib/libc_v7em_fpv4_sp_d16_hard_t_le_eabi_balanced.a(prinops.o)
                              Output/Debug/Obj/breadcrumb/uwb_bread.o (printf)
C:/Program Files/SEGGER/SEGGER Embedded Studio for ARM 6.34a/lib/libc_v7em_fpv4_sp_d16_hard_t_le_eabi_balanced.a(__SEGGER_RTL_vfprintf_long.o)
                              (__SEGGER_RTL_vfprintf_long)
C:/Program Files/SEGGER/SEGGER Embedded Studio for ARM 6.34a/lib/libc_v7em_fpv4_sp_d16_hard_t_le_eabi_balanced.a(__SEGGER_RTL_vfscanf_long.o)
                              (__SEGGER_RTL_vfscanf_long)
C:/Program Files/SEGGER/SEGGER Embedded Studio for ARM 6.34a/lib/libc_v7em_fpv4_sp_d16_hard_t_le_eabi_balanced.a(execops.o)
                              C:/Program Files/SEGGER/SEGGER Embedded Studio for ARM 6.34a/lib/libc_v7em_fpv4_sp_d16_hard_t_le_eabi_balanced.a(strops.o) (__SEGGER_RTL_constraint_violation)
C:/Program Files/SEGGER/SEGGER Embedded Studio for ARM 6.34a/lib/libc_v7em_fpv4_sp_d16_hard_t_le_eabi_balanced.a(execops_arm.o)
                              C:/Program Files/SEGGER/SEGGER Embedded Studio for ARM 6.34a/lib/libc_v7em_fpv4_sp_d16_hard_t_le_eabi_balanced.a(execops.o) (__aeabi_SIGABRT)
C:/Program Files/SEGGER/SEGGER Embedded Studio for ARM 6.34a/lib/libc_v7em_fpv4_sp_d16_hard_t_le_eabi_balanced.a(fileops.o)
                              C:/Program Files/SEGGER/SEGGER Embedded Studio for ARM 6.34a/lib/libc_v7em_fpv4_sp_d16_hard_t_le_eabi_balanced.a(prinops.o) (fwrite)
C:/Program Files/SEGGER/SEGGER Embedded Studio for ARM 6.34a/lib/libc_v7em_fpv4_sp_d16_hard_t_le_eabi_balanced.a(mbops.o)
                              C:/Program Files/SEGGER/SEGGER Embedded Studio for ARM 6.34a/lib/libc_v7em_fpv4_sp_d16_hard_t_le_eabi_balanced.a(prinops.o) (__SEGGER_RTL_current_locale)
C:/Program Files/SEGGER/SEGGER Embedded Studio for ARM 6.34a/lib/libc_v7em_fpv4_sp_d16_hard_t_le_eabi_balanced.a(sortops.o)
                              C:/Program Files/SEGGER/SEGGER Embedded Studio for ARM 6.34a/lib/libc_v7em_fpv4_sp_d16_hard_t_le_eabi_balanced.a(mbops.o) (bsearch)
C:/Program Files/SEGGER/SEGGER Embedded Studio for ARM 6.34a/lib/libc_v7em_fpv4_sp_d16_hard_t_le_eabi_balanced.a(timeops.o)
                              C:/Program Files/SEGGER/SEGGER Embedded Studio for ARM 6.34a/lib/libc_v7em_fpv4_sp_d16_hard_t_le_eabi_balanced.a(mbops.o) (__SEGGER_RTL_string_list_encode)
C:/Program Files/SEGGER/SEGGER Embedded Studio for ARM 6.34a/lib/libc_v7em_fpv4_sp_d16_hard_t_le_eabi_balanced.a(utilops.o)
                              C:/Program Files/SEGGER/SEGGER Embedded Studio for ARM 6.34a/lib/libc_v7em_fpv4_sp_d16_hard_t_le_eabi_balanced.a(__SEGGER_RTL_vfscanf_long.o) (__SEGGER_RTL_digit)
C:/Program Files/SEGGER/SEGGER Embedded Studio for ARM 6.34a/lib/libc_v7em_fpv4_sp_d16_hard_t_le_eabi_balanced.a(convops.o)
                              C:/Program Files/SEGGER/SEGGER Embedded Studio for ARM 6.34a/lib/libc_v7em_fpv4_sp_d16_hard_t_le_eabi_balanced.a(execops.o) (itoa)
C:/Program Files/SEGGER/SEGGER Embedded Studio for ARM 6.34a/lib/libc_v7em_fpv4_sp_d16_hard_t_le_eabi_balanced.a(errno.o)
                              C:/Program Files/SEGGER/SEGGER Embedded Studio for ARM 6.34a/lib/libc_v7em_fpv4_sp_d16_hard_t_le_eabi_balanced.a(fileops.o) (__aeabi_errno_addr)
C:/Program Files/SEGGER/SEGGER Embedded Studio for ARM 6.34a/lib/libc_v7em_fpv4_sp_d16_hard_t_le_eabi_balanced.a(floatops.o)
                              C:/Program Files/SEGGER/SEGGER Embedded Studio for ARM 6.34a/lib/libc_v7em_fpv4_sp_d16_hard_t_le_eabi_balanced.a(convops.o) (__SEGGER_RTL_float32_isinf)
C:/Program Files/SEGGER/SEGGER Embedded Studio for ARM 6.34a/lib/libc_v7em_fpv4_sp_d16_hard_t_le_eabi_balanced.a(intops.o)
                              C:/Program Files/SEGGER/SEGGER Embedded Studio for ARM 6.34a/lib/libc_v7em_fpv4_sp_d16_hard_t_le_eabi_balanced.a(timeops.o) (div)
C:/Program Files/SEGGER/SEGGER Embedded Studio for ARM 6.34a/lib/heapops_basic_v7em_little.a(heapops_basic.o)
[...]
Memory Configuration

Name             Origin             Length             Attributes
UNPLACED_SECTIONS 0x0000000100000000 0x0000000000000000 xw
RAM1             0x0000000020000000 0x0000000000010000 xw
FLASH1           0x0000000000000000 0x0000000000080000 xw
*default*        0x0000000000000000 0xffffffffffffffff

Linker script and memory map

                0x0000000000000000                __SEGGER_RTL_vfprintf = __SEGGER_RTL_vfprintf_long
                0x0000000000000000                __SEGGER_RTL_vfscanf = __SEGGER_RTL_vfscanf_long
                0x0000000020000000                __RAM1_segment_start__ = 0x20000000
                0x0000000020010000                __RAM1_segment_end__ = 0x20010000
                0x0000000000010000                __RAM1_segment_size__ = 0x10000
                0x0000000000000000                __FLASH1_segment_start__ = 0x0
                0x0000000000080000                __FLASH1_segment_end__ = 0x80000
                0x0000000000080000                __FLASH1_segment_size__ = 0x80000
                0x0000000000002000                __HEAPSIZE__ = 0x2000
                0x0000000000000000                __STACKSIZE_PROCESS__ = 0x0
                0x0000000000002000                __STACKSIZE__ = 0x2000
                0x0000000020000000                __vectors_ram_load_start__ = 0x20000000

.vectors_ram    0x0000000020000000        0x0
                0x0000000020000000                __vectors_ram_start__ = .
                0x0000000020000000                __app_ram_start__ = __vectors_ram_start__
 *(.vectors_ram .vectors_ram.*)
                0x0000000020000000                __vectors_ram_end__ = (__vectors_ram_start__ + SIZEOF (.vectors_ram))
                0x0000000000000000                __vectors_ram_size__ = SIZEOF (.vectors_ram)
                0x0000000020000000                __vectors_ram_load_end__ = __vectors_ram_end__
                0x0000000000000001                . = ASSERT (((__vectors_ram_start__ == __vectors_ram_end__) || ((__vectors_ram_end__ - __RAM1_segment_start__) <= __RAM1_segment_size__)), error: .vectors_ram is too large to fit in RAM1 memory segment)
                0x0000000020000000                __nrf_sections_run_load_start__ = ALIGN (__vectors_ram_end__, 0x4)

.nrf_sections_run
                0x0000000020000000        0x0
                0x0000000020000000                __nrf_sections_run_start__ = .
                0x0000000020000000                __start_nrf_sections_run = __nrf_sections_run_start__
 *(.nrf_sections_run .nrf_sections_run.*)
                0x0000000020000000                __nrf_sections_run_end__ = (__nrf_sections_run_start__ + SIZEOF (.nrf_sections_run))
                0x0000000000000000                __nrf_sections_run_size__ = SIZEOF (.nrf_sections_run)
                0x0000000020000000                __nrf_sections_run_load_end__ = __nrf_sections_run_end__
                0x0000000000000001                . = ASSERT (((__nrf_sections_run_start__ == __nrf_sections_run_end__) || ((__nrf_sections_run_end__ - __RAM1_segment_start__) <= __RAM1_segment_size__)), error: .nrf_sections_run is too large to fit in RAM1 memory segment)
                0x0000000000000000                __vectors_load_start__ = 0x0

.vectors        0x0000000000000000      0x200
                0x0000000000000000                __vectors_start__ = .
 *(.vectors .vectors.*)
 .vectors       0x0000000000000000      0x200 Output/Debug/Obj/breadcrumb/ses_startup_nrf52.o
                0x0000000000000000                _vectors
                0x0000000000000200                __vectors_end__ = (__vectors_start__ + SIZEOF (.vectors))
                0x0000000000000200                __vectors_size__ = SIZEOF (.vectors)
                0x0000000000000200                __vectors_load_end__ = __vectors_end__
                0x0000000000000001                . = ASSERT (((__vectors_start__ == __vectors_end__) || ((__vectors_end__ - __FLASH1_segment_start__) <= __FLASH1_segment_size__)), error: .vectors is too large to fit in FLASH1 memory segment)
                0x0000000000000200                __init_load_start__ = ALIGN (__vectors_end__, 0x4)

.init           0x0000000000000200      0x1cc
                0x0000000000000200                __init_start__ = .
 *(.init .init.*)
 .init          0x0000000000000200      0x158 Output/Debug/Obj/breadcrumb/thumb_crt0.o
                0x0000000000000200                _start
                0x00000000000002ae                exit
 .init          0x0000000000000358       0x18 Output/Debug/Obj/breadcrumb/ses_startup_nrf52.o
                0x0000000000000358                NMI_Handler
                0x000000000000035a                HardFault_Handler
                0x000000000000035c                MemoryManagement_Handler
                0x000000000000035e                BusFault_Handler
                0x0000000000000360                UsageFault_Handler
                0x0000000000000362                SVC_Handler
                0x0000000000000364                DebugMon_Handler
                0x0000000000000366                PendSV_Handler
                0x0000000000000368                SysTick_Handler
                0x000000000000036a                PWM1_IRQHandler
                0x000000000000036a                SWI0_EGU0_IRQHandler
                0x000000000000036a                POWER_CLOCK_IRQHandler
                0x000000000000036a                RADIO_IRQHandler
                0x000000000000036a                PDM_IRQHandler
                0x000000000000036a                TEMP_IRQHandler
                0x000000000000036a                QDEC_IRQHandler
                0x000000000000036a                RTC0_IRQHandler
                0x000000000000036a                FPU_IRQHandler
                0x000000000000036a                SPIM0_SPIS0_TWIM0_TWIS0_SPI0_TWI0_IRQHandler
                0x000000000000036a                SWI2_EGU2_IRQHandler
                0x000000000000036a                UARTE0_UART0_IRQHandler
                0x000000000000036a                TIMER4_IRQHandler
                0x000000000000036a                I2S_IRQHandler
                0x000000000000036a                SWI4_EGU4_IRQHandler
                0x000000000000036a                TIMER0_IRQHandler
                0x000000000000036a                Dummy_Handler
                0x000000000000036a                PWM2_IRQHandler
                0x000000000000036a                ECB_IRQHandler
                0x000000000000036a                SAADC_IRQHandler
                0x000000000000036a                CCM_AAR_IRQHandler
                0x000000000000036a                WDT_IRQHandler
                0x000000000000036a                TIMER3_IRQHandler
                0x000000000000036a                SWI5_EGU5_IRQHandler
                0x000000000000036a                RNG_IRQHandler
                0x000000000000036a                RTC2_IRQHandler
                0x000000000000036a                PWM0_IRQHandler
                0x000000000000036a                SWI3_EGU3_IRQHandler
                0x000000000000036a                SWI1_EGU1_IRQHandler
                0x000000000000036a                SPIM2_SPIS2_SPI2_IRQHandler
                0x000000000000036a                NFCT_IRQHandler
                0x000000000000036a                TIMER2_IRQHandler
                0x000000000000036a                MWU_IRQHandler
                0x000000000000036a                COMP_LPCOMP_IRQHandler
                0x000000000000036c                nRFInitialize
 .init          0x0000000000000370       0x5c Output/Debug/Obj/breadcrumb/ses_startup_nrf_common.o
                0x0000000000000370                Reset_Handler
                0x0000000000000374                afterInitialize
                0x0000000000000398                InitializeUserMemorySections
                0x00000000000003cc                __init_end__ = (__init_start__ + SIZEOF (.init))
                0x00000000000001cc                __init_size__ = SIZEOF (.init)
                0x00000000000003cc                __init_load_end__ = __init_end__
                0x0000000000000001                . = ASSERT (((__init_start__ == __init_end__) || ((__init_end__ - __FLASH1_segment_start__) <= __FLASH1_segment_size__)), error: .init is too large to fit in FLASH1 memory segment)
                0x00000000000003cc                __init_rodata_load_start__ = ALIGN (__init_end__, 0x4)

.init_rodata    0x00000000000003cc        0x0
                0x00000000000003cc                __init_rodata_start__ = .
 *(.init_rodata .init_rodata.*)
                0x00000000000003cc                __init_rodata_end__ = (__init_rodata_start__ + SIZEOF (.init_rodata))
                0x0000000000000000                __init_rodata_size__ = SIZEOF (.init_rodata)
                0x00000000000003cc                __init_rodata_load_end__ = __init_rodata_end__
                0x0000000000000001                . = ASSERT (((__init_rodata_start__ == __init_rodata_end__) || ((__init_rodata_end__ - __FLASH1_segment_start__) <= __FLASH1_segment_size__)), error: .init_rodata is too large to fit in FLASH1 memory segment)
                0x00000000000003cc                __text_load_start__ = ALIGN (__init_rodata_end__, 0x4)

.text           0x00000000000003cc     0x5cd4
                0x00000000000003cc                __text_start__ = .
 *(.text .text.* .gnu.linkonce.t.* .glue_7t .glue_7 .gcc_except_table .ARM.extab* .gnu.linkonce.armextab.*)
 .glue_7        0x00000000000003cc        0x0 linker stubs
 .glue_7t       0x00000000000003cc        0x0 linker stubs
 .text.nrf_gpio_pin_port_decode
                0x00000000000003cc       0x30 Output/Debug/Obj/breadcrumb/boards.o
 .text.nrf_gpio_cfg
                0x00000000000003fc       0x62 Output/Debug/Obj/breadcrumb/boards.o
 .text.nrf_gpio_cfg_output
                0x000000000000045e       0x22 Output/Debug/Obj/breadcrumb/boards.o
 .text.nrf_gpio_cfg_input
                0x0000000000000480       0x2a Output/Debug/Obj/breadcrumb/boards.o
 .text.nrf_gpio_pin_set
                0x00000000000004aa       0x28 Output/Debug/Obj/breadcrumb/boards.o
 .text.nrf_gpio_pin_clear
                0x00000000000004d2       0x28 Output/Debug/Obj/breadcrumb/boards.o
 .text.nrf_gpio_pin_write
                0x00000000000004fa       0x24 Output/Debug/Obj/breadcrumb/boards.o
 .text.nrf_gpio_port_out_set
                0x000000000000051e       0x14 Output/Debug/Obj/breadcrumb/boards.o
 .text.nrf_gpio_port_out_clear
                0x0000000000000532       0x14 Output/Debug/Obj/breadcrumb/boards.o
 .text.nrf_gpio_pin_present_check
                0x0000000000000546       0x40 Output/Debug/Obj/breadcrumb/boards.o
 *fill*         0x0000000000000586        0x2 
 .text.bsp_board_led_on
                0x0000000000000588       0x34 Output/Debug/Obj/breadcrumb/boards.o
                0x0000000000000588                bsp_board_led_on
 .text.bsp_board_led_off
                0x00000000000005bc       0x34 Output/Debug/Obj/breadcrumb/boards.o
                0x00000000000005bc                bsp_board_led_off
 .text.bsp_board_leds_off
                0x00000000000005f0       0x26 Output/Debug/Obj/breadcrumb/boards.o
                0x00000000000005f0                bsp_board_leds_off
 *fill*         0x0000000000000616        0x2 
 .text.bsp_board_leds_init
                0x0000000000000618       0x34 Output/Debug/Obj/breadcrumb/boards.o
 .text.bsp_board_buttons_init
                0x000000000000064c       0x34 Output/Debug/Obj/breadcrumb/boards.o
 .text.bsp_board_init
                0x0000000000000680       0x2a Output/Debug/Obj/breadcrumb/boards.o
                0x0000000000000680                bsp_board_init
 *fill*         0x00000000000006aa        0x2 
 .text.app_error_save_and_stop
                0x00000000000006ac       0x98 Output/Debug/Obj/breadcrumb/app_error.o
                0x00000000000006ac                app_error_save_and_stop
 .text.app_error_handler
                0x0000000000000744       0x1c Output/Debug/Obj/breadcrumb/app_error_handler_gcc.o
                0x0000000000000744                app_error_handler
 .text.app_error_fault_handler
                0x0000000000000760       0x54 Output/Debug/Obj/breadcrumb/app_error_weak.o
                0x0000000000000760                app_error_fault_handler
 .text.is_word_aligned
                0x00000000000007b4       0x1a Output/Debug/Obj/breadcrumb/app_scheduler.o
 *fill*         0x00000000000007ce        0x2 
 .text.next_index
                0x00000000000007d0       0x2c Output/Debug/Obj/breadcrumb/app_scheduler.o
 .text.app_sched_queue_full
                0x00000000000007fc       0x3c Output/Debug/Obj/breadcrumb/app_scheduler.o
 .text.app_sched_queue_empty
                0x0000000000000838       0x2c Output/Debug/Obj/breadcrumb/app_scheduler.o
 .text.app_sched_init
                0x0000000000000864       0x88 Output/Debug/Obj/breadcrumb/app_scheduler.o
                0x0000000000000864                app_sched_init
 .text.app_sched_event_put
                0x00000000000008ec       0xec Output/Debug/Obj/breadcrumb/app_scheduler.o
                0x00000000000008ec                app_sched_event_put
 .text.is_app_sched_paused
                0x00000000000009d8        0x6 Output/Debug/Obj/breadcrumb/app_scheduler.o
 *fill*         0x00000000000009de        0x2 
 .text.app_sched_execute
                0x00000000000009e0       0x98 Output/Debug/Obj/breadcrumb/app_scheduler.o
                0x00000000000009e0                app_sched_execute
 .text.app_simple_timer_event_handler
                0x0000000000000a78       0x4c Output/Debug/Obj/breadcrumb/app_simple_timer.o
 .text.app_simple_timer_init
                0x0000000000000ac4       0x68 Output/Debug/Obj/breadcrumb/app_simple_timer.o
                0x0000000000000ac4                app_simple_timer_init
 .text.app_simple_timer_start
                0x0000000000000b2c       0xec Output/Debug/Obj/breadcrumb/app_simple_timer.o
                0x0000000000000b2c                app_simple_timer_start
 .text.app_simple_timer_stop
                0x0000000000000c18       0x24 Output/Debug/Obj/breadcrumb/app_simple_timer.o
                0x0000000000000c18                app_simple_timer_stop
 .text.app_util_disable_irq
                0x0000000000000c3c       0x18 Output/Debug/Obj/breadcrumb/app_util_platform.o
                0x0000000000000c3c                app_util_disable_irq
 .text.app_util_enable_irq
                0x0000000000000c54       0x20 Output/Debug/Obj/breadcrumb/app_util_platform.o
                0x0000000000000c54                app_util_enable_irq
 .text.app_util_critical_region_enter
                0x0000000000000c74       0x28 Output/Debug/Obj/breadcrumb/app_util_platform.o
                0x0000000000000c74                app_util_critical_region_enter
 .text.app_util_critical_region_exit
                0x0000000000000c9c       0x2c Output/Debug/Obj/breadcrumb/app_util_platform.o
                0x0000000000000c9c                app_util_critical_region_exit
 .text.privilege_level_get
                0x0000000000000cc8       0x3a Output/Debug/Obj/breadcrumb/app_util_platform.o
                0x0000000000000cc8                privilege_level_get
 *fill*         0x0000000000000d02        0x2 
 .text.RTC1_IRQHandler
                0x0000000000000d04       0x1c Output/Debug/Obj/breadcrumb/drv_rtc.o
                0x0000000000000d04                RTC1_IRQHandler
 .text.assert_nrf_callback
                0x0000000000000d20       0x2c Output/Debug/Obj/breadcrumb/nrf_assert.o
                0x0000000000000d20                assert_nrf_callback
 .text.nrf_gpiote_event_is_set
                0x0000000000000d4c       0x2a Output/Debug/Obj/breadcrumb/nrfx_gpiote.o
 .text.nrf_gpiote_event_clear
                0x0000000000000d76       0x36 Output/Debug/Obj/breadcrumb/nrfx_gpiote.o
 .text.nrf_gpiote_event_addr_get
                0x0000000000000dac       0x1a Output/Debug/Obj/breadcrumb/nrfx_gpiote.o
 *fill*         0x0000000000000dc6        0x2 
 .text.nrf_gpiote_int_is_enabled
                0x0000000000000dc8       0x18 Output/Debug/Obj/breadcrumb/nrfx_gpiote.o
 .text.nrf_gpiote_event_pin_get
                0x0000000000000de0       0x20 Output/Debug/Obj/breadcrumb/nrfx_gpiote.o
 .text.nrf_gpiote_event_polarity_get
                0x0000000000000e00       0x24 Output/Debug/Obj/breadcrumb/nrfx_gpiote.o
 .text.nrf_gpio_pin_port_decode
                0x0000000000000e24       0x30 Output/Debug/Obj/breadcrumb/nrfx_gpiote.o
 .text.nrf_gpio_cfg_sense_set
                0x0000000000000e54       0x5c Output/Debug/Obj/breadcrumb/nrfx_gpiote.o
 .text.nrf_gpio_pin_sense_get
                0x0000000000000eb0       0x2c Output/Debug/Obj/breadcrumb/nrfx_gpiote.o
 .text.nrf_gpio_latches_read_and_clear
                0x0000000000000edc       0x5c Output/Debug/Obj/breadcrumb/nrfx_gpiote.o
 .text.nrf_gpio_pin_latch_clear
                0x0000000000000f38       0x28 Output/Debug/Obj/breadcrumb/nrfx_gpiote.o
 .text.nrf_gpio_pin_present_check
                0x0000000000000f60       0x40 Output/Debug/Obj/breadcrumb/nrfx_gpiote.o
 .text.nrf_bitmask_bit_is_set
                0x0000000000000fa0       0x30 Output/Debug/Obj/breadcrumb/nrfx_gpiote.o
 .text.channel_port_get
                0x0000000000000fd0       0x1c Output/Debug/Obj/breadcrumb/nrfx_gpiote.o
 .text.channel_handler_get
                0x0000000000000fec       0x18 Output/Debug/Obj/breadcrumb/nrfx_gpiote.o
 .text.port_handler_pin_get
                0x0000000000001004       0x28 Output/Debug/Obj/breadcrumb/nrfx_gpiote.o
 .text.port_handler_polarity_get
                0x000000000000102c       0x28 Output/Debug/Obj/breadcrumb/nrfx_gpiote.o
 .text.latch_pending_read_and_check
                0x0000000000001054       0x3e Output/Debug/Obj/breadcrumb/nrfx_gpiote.o
 *fill*         0x0000000000001092        0x2 
 .text.port_event_handle
                0x0000000000001094       0xe4 Output/Debug/Obj/breadcrumb/nrfx_gpiote.o
 .text.GPIOTE_IRQHandler
                0x0000000000001178      0x104 Output/Debug/Obj/breadcrumb/nrfx_gpiote.o
                0x0000000000001178                GPIOTE_IRQHandler
 .text.__NVIC_EnableIRQ
                0x000000000000127c       0x34 Output/Debug/Obj/breadcrumb/nrfx_timer.o
 .text.__NVIC_SetPriority
                0x00000000000012b0       0x50 Output/Debug/Obj/breadcrumb/nrfx_timer.o
 .text.nrfx_get_irq_number
                0x0000000000001300       0x10 Output/Debug/Obj/breadcrumb/nrfx_timer.o
 .text._NRFX_IRQ_PRIORITY_SET
                0x0000000000001310       0x40 Output/Debug/Obj/breadcrumb/nrfx_timer.o
 .text._NRFX_IRQ_ENABLE
                0x0000000000001350       0x1c Output/Debug/Obj/breadcrumb/nrfx_timer.o
 .text.nrf_timer_task_trigger
                0x000000000000136c       0x1c Output/Debug/Obj/breadcrumb/nrfx_timer.o
 .text.nrf_timer_event_clear
                0x0000000000001388       0x2a Output/Debug/Obj/breadcrumb/nrfx_timer.o
 .text.nrf_timer_event_check
                0x00000000000013b2       0x24 Output/Debug/Obj/breadcrumb/nrfx_timer.o
 .text.nrf_timer_shorts_enable
                0x00000000000013d6       0x1c Output/Debug/Obj/breadcrumb/nrfx_timer.o
 .text.nrf_timer_shorts_disable
                0x00000000000013f2       0x1e Output/Debug/Obj/breadcrumb/nrfx_timer.o
 .text.nrf_timer_int_enable
                0x0000000000001410       0x14 Output/Debug/Obj/breadcrumb/nrfx_timer.o
 .text.nrf_timer_int_disable
                0x0000000000001424       0x14 Output/Debug/Obj/breadcrumb/nrfx_timer.o
 .text.nrf_timer_int_enable_check
                0x0000000000001438       0x20 Output/Debug/Obj/breadcrumb/nrfx_timer.o
 .text.nrf_timer_mode_set
                0x0000000000001458       0x2a Output/Debug/Obj/breadcrumb/nrfx_timer.o
 .text.nrf_timer_bit_width_set
                0x0000000000001482       0x2a Output/Debug/Obj/breadcrumb/nrfx_timer.o
 .text.nrf_timer_frequency_set
                0x00000000000014ac       0x2a Output/Debug/Obj/breadcrumb/nrfx_timer.o
 .text.nrf_timer_cc_write
                0x00000000000014d6       0x22 Output/Debug/Obj/breadcrumb/nrfx_timer.o
 .text.nrf_timer_compare_event_get
                0x00000000000014f8       0x14 Output/Debug/Obj/breadcrumb/nrfx_timer.o
 .text.nrf_timer_compare_int_get
                0x000000000000150c       0x14 Output/Debug/Obj/breadcrumb/nrfx_timer.o
 .text.nrfx_timer_init
                0x0000000000001520      0x1f8 Output/Debug/Obj/breadcrumb/nrfx_timer.o
                0x0000000000001520                nrfx_timer_init
 .text.nrfx_timer_enable
                0x0000000000001718       0x5c Output/Debug/Obj/breadcrumb/nrfx_timer.o
                0x0000000000001718                nrfx_timer_enable
 .text.nrfx_timer_resume
                0x0000000000001774       0x44 Output/Debug/Obj/breadcrumb/nrfx_timer.o
                0x0000000000001774                nrfx_timer_resume
 .text.nrfx_timer_pause
                0x00000000000017b8       0x44 Output/Debug/Obj/breadcrumb/nrfx_timer.o
                0x00000000000017b8                nrfx_timer_pause
 .text.nrfx_timer_clear
                0x00000000000017fc       0x44 Output/Debug/Obj/breadcrumb/nrfx_timer.o
                0x00000000000017fc                nrfx_timer_clear
 .text.nrfx_timer_compare
                0x0000000000001840       0x72 Output/Debug/Obj/breadcrumb/nrfx_timer.o
                0x0000000000001840                nrfx_timer_compare
 .text.nrfx_timer_extended_compare
                0x00000000000018b2       0x5e Output/Debug/Obj/breadcrumb/nrfx_timer.o
                0x00000000000018b2                nrfx_timer_extended_compare
 .text.irq_handler
                0x0000000000001910       0x8e Output/Debug/Obj/breadcrumb/nrfx_timer.o
 *fill*         0x000000000000199e        0x2 
 .text.TIMER1_IRQHandler
                0x00000000000019a0       0x18 Output/Debug/Obj/breadcrumb/nrfx_timer.o
                0x00000000000019a0                TIMER1_IRQHandler
 .text.wait_for_flash_ready
                0x00000000000019b8       0x18 Output/Debug/Obj/breadcrumb/nrf_nvmc.o
 .text.nrf_nvmc_page_erase
                0x00000000000019d0       0x48 Output/Debug/Obj/breadcrumb/nrf_nvmc.o
                0x00000000000019d0                nrf_nvmc_page_erase
 .text.nrf_nvmc_write_word
                0x0000000000001a18       0x48 Output/Debug/Obj/breadcrumb/nrf_nvmc.o
                0x0000000000001a18                nrf_nvmc_write_word
 .text.led_write
                0x0000000000001a60       0x2a Output/Debug/Obj/breadcrumb/main.o
 *fill*         0x0000000000001a8a        0x2 
 .text.storeAddress
                0x0000000000001a8c       0x20 Output/Debug/Obj/breadcrumb/main.o
                0x0000000000001a8c                storeAddress
 .text.updateLED
                0x0000000000001aac       0x74 Output/Debug/Obj/breadcrumb/main.o
                0x0000000000001aac                updateLED
 .text.loadAddress
                0x0000000000001b20       0x28 Output/Debug/Obj/breadcrumb/main.o
                0x0000000000001b20                loadAddress
 .text.case1fun
                0x0000000000001b48       0x40 Output/Debug/Obj/breadcrumb/main.o
                0x0000000000001b48                case1fun
 .text.case3fun
                0x0000000000001b88       0x40 Output/Debug/Obj/breadcrumb/main.o
                0x0000000000001b88                case3fun
 .text.case5fun
                0x0000000000001bc8       0x38 Output/Debug/Obj/breadcrumb/main.o
                0x0000000000001bc8                case5fun
 .text.button_event_handler
                0x0000000000001c00       0xcc Output/Debug/Obj/breadcrumb/main.o
 .text.app_rtt_input_handler
                0x0000000000001ccc       0x44 Output/Debug/Obj/breadcrumb/main.o
 .text.initialize
                0x0000000000001d10       0x50 Output/Debug/Obj/breadcrumb/main.o
 .text.start    0x0000000000001d60       0x14 Output/Debug/Obj/breadcrumb/main.o
 .text.main     0x0000000000001d74       0x14 Output/Debug/Obj/breadcrumb/main.o
                0x0000000000001d74                main
 .text.__NVIC_SystemReset
                0x0000000000001d88       0x28 Output/Debug/Obj/breadcrumb/system_nrf52.o
 .text.nrf52_errata_12
                0x0000000000001db0       0x88 Output/Debug/Obj/breadcrumb/system_nrf52.o
 .text.nrf52_errata_16
                0x0000000000001e38       0x68 Output/Debug/Obj/breadcrumb/system_nrf52.o
 .text.nrf52_errata_31
                0x0000000000001ea0       0x88 Output/Debug/Obj/breadcrumb/system_nrf52.o
 .text.nrf52_errata_32
                0x0000000000001f28       0x68 Output/Debug/Obj/breadcrumb/system_nrf52.o
 .text.nrf52_errata_36
                0x0000000000001f90       0x88 Output/Debug/Obj/breadcrumb/system_nrf52.o
 .text.nrf52_errata_37
                0x0000000000002018       0x68 Output/Debug/Obj/breadcrumb/system_nrf52.o
 .text.nrf52_errata_57
                0x0000000000002080       0x68 Output/Debug/Obj/breadcrumb/system_nrf52.o
 .text.nrf52_errata_66
                0x00000000000020e8       0x88 Output/Debug/Obj/breadcrumb/system_nrf52.o
 .text.nrf52_errata_108
                0x0000000000002170       0x88 Output/Debug/Obj/breadcrumb/system_nrf52.o
 .text.nrf52_errata_136
                0x00000000000021f8       0x88 Output/Debug/Obj/breadcrumb/system_nrf52.o
 .text.nrf52_errata_182
                0x0000000000002280       0x60 Output/Debug/Obj/breadcrumb/system_nrf52.o
 .text.nrf52_errata_249
                0x00000000000022e0       0x60 Output/Debug/Obj/breadcrumb/system_nrf52.o
 .text.nrf52_handle_approtect
                0x0000000000002340       0x20 Output/Debug/Obj/breadcrumb/system_nrf52.o
 .text.nvmc_wait
                0x0000000000002360       0x18 Output/Debug/Obj/breadcrumb/system_nrf52.o
                0x0000000000002360                nvmc_wait
 .text.nvmc_config
                0x0000000000002378       0x20 Output/Debug/Obj/breadcrumb/system_nrf52.o
                0x0000000000002378                nvmc_config
 .text.SystemCoreClockUpdate
                0x0000000000002398       0x14 Output/Debug/Obj/breadcrumb/system_nrf52.o
                0x0000000000002398                SystemCoreClockUpdate
 .text.SystemInit
                0x00000000000023ac      0x2ac Output/Debug/Obj/breadcrumb/system_nrf52.o
                0x00000000000023ac                SystemInit
 .text._DoInit  0x0000000000002658       0x9c Output/Debug/Obj/breadcrumb/SEGGER_RTT.o
 .text._WriteBlocking
                0x00000000000026f4       0xb2 Output/Debug/Obj/breadcrumb/SEGGER_RTT.o
 .text._WriteNoCheck
                0x00000000000027a6       0x7e Output/Debug/Obj/breadcrumb/SEGGER_RTT.o
 .text._GetAvailWriteSpace
                0x0000000000002824       0x3c Output/Debug/Obj/breadcrumb/SEGGER_RTT.o
 .text.SEGGER_RTT_ReadNoLock
                0x0000000000002860      0x100 Output/Debug/Obj/breadcrumb/SEGGER_RTT.o
                0x0000000000002860                SEGGER_RTT_ReadNoLock
 .text.SEGGER_RTT_Read
                0x0000000000002960       0x2c Output/Debug/Obj/breadcrumb/SEGGER_RTT.o
                0x0000000000002960                SEGGER_RTT_Read
 .text.SEGGER_RTT_WriteNoLock
                0x000000000000298c       0xa0 Output/Debug/Obj/breadcrumb/SEGGER_RTT.o
                0x000000000000298c                SEGGER_RTT_WriteNoLock
 .text.SEGGER_RTT_Write
                0x0000000000002a2c       0x3c Output/Debug/Obj/breadcrumb/SEGGER_RTT.o
                0x0000000000002a2c                SEGGER_RTT_Write
 .text.SEGGER_RTT_GetKey
                0x0000000000002a68       0x34 Output/Debug/Obj/breadcrumb/SEGGER_RTT.o
                0x0000000000002a68                SEGGER_RTT_GetKey
 .text._StoreChar
                0x0000000000002a9c       0x7e Output/Debug/Obj/breadcrumb/SEGGER_RTT_printf.o
 *fill*         0x0000000000002b1a        0x2 
 .text._PrintUnsigned
                0x0000000000002b1c      0x15c Output/Debug/Obj/breadcrumb/SEGGER_RTT_printf.o
 .text._PrintInt
                0x0000000000002c78      0x14c Output/Debug/Obj/breadcrumb/SEGGER_RTT_printf.o
 .text.SEGGER_RTT_vprintf
                0x0000000000002dc4      0x390 Output/Debug/Obj/breadcrumb/SEGGER_RTT_printf.o
                0x0000000000002dc4                SEGGER_RTT_vprintf
 .text.SEGGER_RTT_printf
                0x0000000000003154       0x28 Output/Debug/Obj/breadcrumb/SEGGER_RTT_printf.o
                0x0000000000003154                SEGGER_RTT_printf
 .text.dwt_initialise
                0x000000000000317c      0x184 Output/Debug/Obj/breadcrumb/deca_device.o
                0x000000000000317c                dwt_initialise
 .text.dwt_readdevid
                0x0000000000003300       0x10 Output/Debug/Obj/breadcrumb/deca_device.o
                0x0000000000003300                dwt_readdevid
 .text.dwt_configure
                0x0000000000003310      0x304 Output/Debug/Obj/breadcrumb/deca_device.o
                0x0000000000003310                dwt_configure
 .text.dwt_setrxantennadelay
                0x0000000000003614       0x22 Output/Debug/Obj/breadcrumb/deca_device.o
                0x0000000000003614                dwt_setrxantennadelay
 .text.dwt_settxantennadelay
                0x0000000000003636       0x20 Output/Debug/Obj/breadcrumb/deca_device.o
                0x0000000000003636                dwt_settxantennadelay
 .text.dwt_writetxdata
                0x0000000000003656       0x46 Output/Debug/Obj/breadcrumb/deca_device.o
                0x0000000000003656                dwt_writetxdata
 .text.dwt_writetxfctrl
                0x000000000000369c       0x44 Output/Debug/Obj/breadcrumb/deca_device.o
                0x000000000000369c                dwt_writetxfctrl
 .text.dwt_readrxdata
                0x00000000000036e0       0x2a Output/Debug/Obj/breadcrumb/deca_device.o
                0x00000000000036e0                dwt_readrxdata
 .text.dwt_readcarrierintegrator
                0x000000000000370a       0x60 Output/Debug/Obj/breadcrumb/deca_device.o
                0x000000000000370a                dwt_readcarrierintegrator
 .text.dwt_readtxtimestamplo32
                0x000000000000376a       0x10 Output/Debug/Obj/breadcrumb/deca_device.o
                0x000000000000376a                dwt_readtxtimestamplo32
 .text.dwt_readrxtimestamp
                0x000000000000377a       0x1a Output/Debug/Obj/breadcrumb/deca_device.o
                0x000000000000377a                dwt_readrxtimestamp
 .text.dwt_readrxtimestamplo32
                0x0000000000003794       0x10 Output/Debug/Obj/breadcrumb/deca_device.o
                0x0000000000003794                dwt_readrxtimestamplo32
 .text.dwt_writetodevice
                0x00000000000037a4       0xbc Output/Debug/Obj/breadcrumb/deca_device.o
                0x00000000000037a4                dwt_writetodevice
 .text.dwt_readfromdevice
                0x0000000000003860       0xb6 Output/Debug/Obj/breadcrumb/deca_device.o
                0x0000000000003860                dwt_readfromdevice
 .text.dwt_read32bitoffsetreg
                0x0000000000003916       0x48 Output/Debug/Obj/breadcrumb/deca_device.o
                0x0000000000003916                dwt_read32bitoffsetreg
 .text.dwt_read16bitoffsetreg
                0x000000000000395e       0x40 Output/Debug/Obj/breadcrumb/deca_device.o
                0x000000000000395e                dwt_read16bitoffsetreg
 .text.dwt_read8bitoffsetreg
                0x000000000000399e       0x26 Output/Debug/Obj/breadcrumb/deca_device.o
                0x000000000000399e                dwt_read8bitoffsetreg
 .text.dwt_write8bitoffsetreg
                0x00000000000039c4       0x28 Output/Debug/Obj/breadcrumb/deca_device.o
                0x00000000000039c4                dwt_write8bitoffsetreg
 .text.dwt_write16bitoffsetreg
                0x00000000000039ec       0x3e Output/Debug/Obj/breadcrumb/deca_device.o
                0x00000000000039ec                dwt_write16bitoffsetreg
 .text.dwt_write32bitoffsetreg
                0x0000000000003a2a       0x48 Output/Debug/Obj/breadcrumb/deca_device.o
                0x0000000000003a2a                dwt_write32bitoffsetreg
 .text._dwt_otpread
                0x0000000000003a72       0x3c Output/Debug/Obj/breadcrumb/deca_device.o
                0x0000000000003a72                _dwt_otpread
 .text._dwt_aonarrayupload
                0x0000000000003aae       0x1a Output/Debug/Obj/breadcrumb/deca_device.o
                0x0000000000003aae                _dwt_aonarrayupload
 .text._dwt_configlde
                0x0000000000003ac8       0x3e Output/Debug/Obj/breadcrumb/deca_device.o
                0x0000000000003ac8                _dwt_configlde
 .text._dwt_loaducodefromrom
                0x0000000000003b06       0x24 Output/Debug/Obj/breadcrumb/deca_device.o
                0x0000000000003b06                _dwt_loaducodefromrom
 .text.dwt_setrxaftertxdelay
                0x0000000000003b2a       0x36 Output/Debug/Obj/breadcrumb/deca_device.o
                0x0000000000003b2a                dwt_setrxaftertxdelay
 .text._dwt_enableclocks
                0x0000000000003b60      0x158 Output/Debug/Obj/breadcrumb/deca_device.o
                0x0000000000003b60                _dwt_enableclocks
 .text._dwt_disablesequencing
                0x0000000000003cb8       0x16 Output/Debug/Obj/breadcrumb/deca_device.o
                0x0000000000003cb8                _dwt_disablesequencing
 .text.dwt_setdelayedtrxtime
                0x0000000000003cce       0x18 Output/Debug/Obj/breadcrumb/deca_device.o
                0x0000000000003cce                dwt_setdelayedtrxtime
 *fill*         0x0000000000003ce6        0x2 
 .text.dwt_starttx
                0x0000000000003ce8       0xd4 Output/Debug/Obj/breadcrumb/deca_device.o
                0x0000000000003ce8                dwt_starttx
 .text.dwt_forcetrxoff
                0x0000000000003dbc       0x60 Output/Debug/Obj/breadcrumb/deca_device.o
                0x0000000000003dbc                dwt_forcetrxoff
 .text.dwt_syncrxbufptrs
                0x0000000000003e1c       0x38 Output/Debug/Obj/breadcrumb/deca_device.o
                0x0000000000003e1c                dwt_syncrxbufptrs
 .text.dwt_rxenable
                0x0000000000003e54       0x8e Output/Debug/Obj/breadcrumb/deca_device.o
                0x0000000000003e54                dwt_rxenable
 *fill*         0x0000000000003ee2        0x2 
 .text.dwt_setrxtimeout
                0x0000000000003ee4       0x90 Output/Debug/Obj/breadcrumb/deca_device.o
                0x0000000000003ee4                dwt_setrxtimeout
 .text.dwt_rxreset
                0x0000000000003f74       0x1a Output/Debug/Obj/breadcrumb/deca_device.o
                0x0000000000003f74                dwt_rxreset
 *fill*         0x0000000000003f8e        0x2 
 .text.dwt_softreset
                0x0000000000003f90       0x48 Output/Debug/Obj/breadcrumb/deca_device.o
                0x0000000000003f90                dwt_softreset
 .text.dwt_setxtaltrim
                0x0000000000003fd8       0x34 Output/Debug/Obj/breadcrumb/deca_device.o
                0x0000000000003fd8                dwt_setxtaltrim
 .text.__NVIC_EnableIRQ
                0x000000000000400c       0x34 Output/Debug/Obj/breadcrumb/nrf_drv_common.o
 .text.__NVIC_ClearPendingIRQ
                0x0000000000004040       0x38 Output/Debug/Obj/breadcrumb/nrf_drv_common.o
 .text.__NVIC_SetPriority
                0x0000000000004078       0x50 Output/Debug/Obj/breadcrumb/nrf_drv_common.o
 .text.nrf_drv_common_irq_enable
                0x00000000000040c8       0x54 Output/Debug/Obj/breadcrumb/nrf_drv_common.o
                0x00000000000040c8                nrf_drv_common_irq_enable
 .text.__NVIC_DisableIRQ
                0x000000000000411c       0x44 Output/Debug/Obj/breadcrumb/nrf_drv_spi.o
 .text.nrf_spi_event_clear
                0x0000000000004160       0x2a Output/Debug/Obj/breadcrumb/nrf_drv_spi.o
 .text.nrf_spi_event_check
                0x000000000000418a       0x24 Output/Debug/Obj/breadcrumb/nrf_drv_spi.o
 .text.nrf_spi_int_enable
                0x00000000000041ae       0x14 Output/Debug/Obj/breadcrumb/nrf_drv_spi.o
 .text.nrf_spi_int_disable
                0x00000000000041c2       0x14 Output/Debug/Obj/breadcrumb/nrf_drv_spi.o
 .text.nrf_spi_enable
                0x00000000000041d6       0x12 Output/Debug/Obj/breadcrumb/nrf_drv_spi.o
 .text.nrf_spi_disable
                0x00000000000041e8       0x12 Output/Debug/Obj/breadcrumb/nrf_drv_spi.o
 .text.nrf_spi_pins_set
                0x00000000000041fa       0x28 Output/Debug/Obj/breadcrumb/nrf_drv_spi.o
 .text.nrf_spi_txd_set
                0x0000000000004222       0x1a Output/Debug/Obj/breadcrumb/nrf_drv_spi.o
 .text.nrf_spi_rxd_get
                0x000000000000423c       0x12 Output/Debug/Obj/breadcrumb/nrf_drv_spi.o
 .text.nrf_spi_frequency_set
                0x000000000000424e       0x14 Output/Debug/Obj/breadcrumb/nrf_drv_spi.o
 .text.nrf_spi_configure
                0x0000000000004262       0x64 Output/Debug/Obj/breadcrumb/nrf_drv_spi.o
 .text.nrf_drv_common_irq_disable
                0x00000000000042c6       0x1c Output/Debug/Obj/breadcrumb/nrf_drv_spi.o
 *fill*         0x00000000000042e2        0x2 
 .text.nrf_gpio_pin_port_decode
                0x00000000000042e4       0x30 Output/Debug/Obj/breadcrumb/nrf_drv_spi.o
 .text.nrf_gpio_cfg
                0x0000000000004314       0x62 Output/Debug/Obj/breadcrumb/nrf_drv_spi.o
 .text.nrf_gpio_cfg_output
                0x0000000000004376       0x22 Output/Debug/Obj/breadcrumb/nrf_drv_spi.o
 .text.nrf_gpio_cfg_input
                0x0000000000004398       0x2a Output/Debug/Obj/breadcrumb/nrf_drv_spi.o
 .text.nrf_gpio_pin_set
                0x00000000000043c2       0x28 Output/Debug/Obj/breadcrumb/nrf_drv_spi.o
 .text.nrf_gpio_pin_clear
                0x00000000000043ea       0x28 Output/Debug/Obj/breadcrumb/nrf_drv_spi.o
 .text.nrf_gpio_port_out_set
                0x0000000000004412       0x14 Output/Debug/Obj/breadcrumb/nrf_drv_spi.o
 .text.nrf_gpio_port_out_clear
                0x0000000000004426       0x14 Output/Debug/Obj/breadcrumb/nrf_drv_spi.o
 .text.nrf_gpio_pin_present_check
                0x000000000000443a       0x40 Output/Debug/Obj/breadcrumb/nrf_drv_spi.o
 *fill*         0x000000000000447a        0x2 
 .text.nrf_drv_spi_init
                0x000000000000447c      0x198 Output/Debug/Obj/breadcrumb/nrf_drv_spi.o
                0x000000000000447c                nrf_drv_spi_init
 .text.nrf_drv_spi_uninit
                0x0000000000004614       0x74 Output/Debug/Obj/breadcrumb/nrf_drv_spi.o
                0x0000000000004614                nrf_drv_spi_uninit
 .text.nrf_drv_spi_transfer
                0x0000000000004688       0x3e Output/Debug/Obj/breadcrumb/nrf_drv_spi.o
                0x0000000000004688                nrf_drv_spi_transfer
 .text.finish_transfer
                0x00000000000046c6       0x3e Output/Debug/Obj/breadcrumb/nrf_drv_spi.o
 .text.transfer_byte
                0x0000000000004704      0x108 Output/Debug/Obj/breadcrumb/nrf_drv_spi.o
 .text.spi_xfer
                0x000000000000480c       0xca Output/Debug/Obj/breadcrumb/nrf_drv_spi.o
 *fill*         0x00000000000048d6        0x2 
 .text.nrf_drv_spi_xfer
                0x00000000000048d8      0x110 Output/Debug/Obj/breadcrumb/nrf_drv_spi.o
                0x00000000000048d8                nrf_drv_spi_xfer
 .text.irq_handler_spi
                0x00000000000049e8       0x4c Output/Debug/Obj/breadcrumb/nrf_drv_spi.o
 .text.SPIM1_SPIS1_TWIM1_TWIS1_SPI1_TWI1_IRQHandler
                0x0000000000004a34       0x20 Output/Debug/Obj/breadcrumb/nrf_drv_spi.o
                0x0000000000004a34                SPIM1_SPIS1_TWIM1_TWIS1_SPI1_TWI1_IRQHandler
 .text.nrfx_coredep_delay_us
                0x0000000000004a54       0x30 Output/Debug/Obj/breadcrumb/port_platform.o
 .text.nrf_gpio_pin_port_decode
                0x0000000000004a84       0x30 Output/Debug/Obj/breadcrumb/port_platform.o
 .text.nrf_gpio_cfg
                0x0000000000004ab4       0x62 Output/Debug/Obj/breadcrumb/port_platform.o
 .text.nrf_gpio_cfg_output
                0x0000000000004b16       0x22 Output/Debug/Obj/breadcrumb/port_platform.o
 .text.nrf_gpio_cfg_input
                0x0000000000004b38       0x2a Output/Debug/Obj/breadcrumb/port_platform.o
 .text.nrf_gpio_pin_clear
                0x0000000000004b62       0x28 Output/Debug/Obj/breadcrumb/port_platform.o
 .text.nrf_gpio_port_out_clear
                0x0000000000004b8a       0x14 Output/Debug/Obj/breadcrumb/port_platform.o
 .text.nrf_gpio_pin_present_check
                0x0000000000004b9e       0x40 Output/Debug/Obj/breadcrumb/port_platform.o
 .text.nrf_delay_ms
                0x0000000000004bde       0x2a Output/Debug/Obj/breadcrumb/port_platform.o
 .text.spi_event_handler
                0x0000000000004c08       0x18 Output/Debug/Obj/breadcrumb/port_platform.o
                0x0000000000004c08                spi_event_handler
 .text.readfromspi
                0x0000000000004c20      0x144 Output/Debug/Obj/breadcrumb/port_platform.o
                0x0000000000004c20                readfromspi
 .text.writetospi
                0x0000000000004d64      0x130 Output/Debug/Obj/breadcrumb/port_platform.o
                0x0000000000004d64                writetospi
 .text.reset_DW1000
                0x0000000000004e94       0x26 Output/Debug/Obj/breadcrumb/port_platform.o
                0x0000000000004e94                reset_DW1000
 *fill*         0x0000000000004eba        0x2 
 .text.port_set_dw1000_slowrate
                0x0000000000004ebc       0x50 Output/Debug/Obj/breadcrumb/port_platform.o
                0x0000000000004ebc                port_set_dw1000_slowrate
 .text.port_set_dw1000_fastrate
                0x0000000000004f0c       0x54 Output/Debug/Obj/breadcrumb/port_platform.o
                0x0000000000004f0c                port_set_dw1000_fastrate
 .text.deca_sleep
                0x0000000000004f60       0x14 Output/Debug/Obj/breadcrumb/port_platform.o
                0x0000000000004f60                deca_sleep
 .text.decamutexon
                0x0000000000004f74        0x6 Output/Debug/Obj/breadcrumb/port_platform.o
                0x0000000000004f74                decamutexon
 .text.decamutexoff
                0x0000000000004f7a        0xa Output/Debug/Obj/breadcrumb/port_platform.o
                0x0000000000004f7a                decamutexoff
 .text.timeout_handler
                0x0000000000004f84       0x34 Output/Debug/Obj/breadcrumb/rtt_input.o
                0x0000000000004f84                timeout_handler
 .text.rtt_input_enable
                0x0000000000004fb8       0x60 Output/Debug/Obj/breadcrumb/rtt_input.o
                0x0000000000004fb8                rtt_input_enable
 .text.updateMessageAddress
                0x0000000000005018       0x40 Output/Debug/Obj/breadcrumb/uwb_bread.o
                0x0000000000005018                updateMessageAddress
 .text.handleRxRanging
                0x0000000000005058      0x190 Output/Debug/Obj/breadcrumb/uwb_bread.o
                0x0000000000005058                handleRxRanging
 .text.doRanging
                0x00000000000051e8       0x3c Output/Debug/Obj/breadcrumb/uwb_bread.o
                0x00000000000051e8                doRanging
 *fill*         0x0000000000005224        0x4 
 .text.rangeRequest
                0x0000000000005228      0x2e4 Output/Debug/Obj/breadcrumb/uwb_bread.o
                0x0000000000005228                rangeRequest
 .text.target_node_select2
                0x000000000000550c       0x54 Output/Debug/Obj/breadcrumb/uwb_bread.o
                0x000000000000550c                target_node_select2
 .text.frame_incr
                0x0000000000005560      0x108 Output/Debug/Obj/breadcrumb/uwb_bread.o
                0x0000000000005560                frame_incr
 .text.print_distance
                0x0000000000005668       0x48 Output/Debug/Obj/breadcrumb/uwb_bread.o
                0x0000000000005668                print_distance
 .text.get_rx_timestamp_u64
                0x00000000000056b0       0x6e Output/Debug/Obj/breadcrumb/uwb_bread.o
 .text.resp_msg_set_ts
                0x000000000000571e       0x54 Output/Debug/Obj/breadcrumb/uwb_bread.o
 .text.resp_msg_get_ts
                0x0000000000005772       0x42 Output/Debug/Obj/breadcrumb/uwb_bread.o
 .text.nrf_gpio_pin_port_decode
                0x00000000000057b4       0x30 Output/Debug/Obj/breadcrumb/uwb_init.o
 .text.nrf_gpio_cfg
                0x00000000000057e4       0x62 Output/Debug/Obj/breadcrumb/uwb_init.o
 .text.nrf_gpio_cfg_input
                0x0000000000005846       0x2a Output/Debug/Obj/breadcrumb/uwb_init.o
 .text.nrf_gpio_pin_present_check
                0x0000000000005870       0x40 Output/Debug/Obj/breadcrumb/uwb_init.o
 .text.breadcrumb_dwm_init
                0x00000000000058b0       0x5c Output/Debug/Obj/breadcrumb/uwb_init.o
                0x00000000000058b0                breadcrumb_dwm_init
 .text.handleRxData
                0x000000000000590c       0x6c Output/Debug/Obj/breadcrumb/uwb_rx.o
                0x000000000000590c                handleRxData
 .text.rxUWB    0x0000000000005978       0xb4 Output/Debug/Obj/breadcrumb/uwb_rx.o
                0x0000000000005978                rxUWB
 .text.readRTTBuf
                0x0000000000005a2c       0x20 Output/Debug/Obj/breadcrumb/uwb_tx.o
                0x0000000000005a2c                readRTTBuf
 .text.writeUWBFromRTT
                0x0000000000005a4c       0x50 Output/Debug/Obj/breadcrumb/uwb_tx.o
                0x0000000000005a4c                writeUWBFromRTT
 .text.relayUWB
                0x0000000000005a9c       0x44 Output/Debug/Obj/breadcrumb/uwb_tx.o
                0x0000000000005a9c                relayUWB
 .text.readWordFlash
                0x0000000000005ae0        0xa Output/Debug/Obj/breadcrumb/flash_util.o
                0x0000000000005ae0                readWordFlash
 .text.writeWordFlash
                0x0000000000005aea       0x24 Output/Debug/Obj/breadcrumb/flash_util.o
                0x0000000000005aea                writeWordFlash
 *fill*         0x0000000000005b0e        0x2 
 .text.libc.__aeabi_dadd
                0x0000000000005b10      0x240 C:/Program Files/SEGGER/SEGGER Embedded Studio for ARM 6.34a/lib/libc_v7em_fpv4_sp_d16_hard_t_le_eabi_balanced.a(floatasmops_arm.o)
                0x0000000000005b10                __aeabi_dadd
 .text.libc.__aeabi_dsub
                0x0000000000005d50        0x8 C:/Program Files/SEGGER/SEGGER Embedded Studio for ARM 6.34a/lib/libc_v7em_fpv4_sp_d16_hard_t_le_eabi_balanced.a(floatasmops_arm.o)
                0x0000000000005d50                __aeabi_dsub
 .text.libc.__aeabi_dmul
                0x0000000000005d58      0x130 C:/Program Files/SEGGER/SEGGER Embedded Studio for ARM 6.34a/lib/libc_v7em_fpv4_sp_d16_hard_t_le_eabi_balanced.a(floatasmops_arm.o)
                0x0000000000005d58                __aeabi_dmul
 .text.libc.__aeabi_d2iz
                0x0000000000005e88       0x4c C:/Program Files/SEGGER/SEGGER Embedded Studio for ARM 6.34a/lib/libc_v7em_fpv4_sp_d16_hard_t_le_eabi_balanced.a(floatasmops_arm.o)
                0x0000000000005e88                __aeabi_d2iz
 .text.libc.__aeabi_i2d
                0x0000000000005ed4       0x24 C:/Program Files/SEGGER/SEGGER Embedded Studio for ARM 6.34a/lib/libc_v7em_fpv4_sp_d16_hard_t_le_eabi_balanced.a(floatasmops_arm.o)
                0x0000000000005ed4                __aeabi_i2d
 .text.libc.__aeabi_f2d
                0x0000000000005ef8       0x34 C:/Program Files/SEGGER/SEGGER Embedded Studio for ARM 6.34a/lib/libc_v7em_fpv4_sp_d16_hard_t_le_eabi_balanced.a(floatasmops_arm.o)
                0x0000000000005ef8                __aeabi_f2d
 .text.libc.__aeabi_d2f
                0x0000000000005f2c       0x4c C:/Program Files/SEGGER/SEGGER Embedded Studio for ARM 6.34a/lib/libc_v7em_fpv4_sp_d16_hard_t_le_eabi_balanced.a(floatasmops_arm.o)
                0x0000000000005f2c                __aeabi_d2f
 .text.libc.memcpy
                0x0000000000005f78       0x64 C:/Program Files/SEGGER/SEGGER Embedded Studio for ARM 6.34a/lib/libc_v7em_fpv4_sp_d16_hard_t_le_eabi_balanced.a(strasmops_arm.o)
                0x0000000000005f78                __aeabi_memcpy
                0x0000000000005f78                memcpy
                0x0000000000005f9a                __aeabi_memcpy8
                0x0000000000005f9a                __aeabi_memcpy4
 .text.libc.__aeabi_memclr
                0x0000000000005fdc       0x68 C:/Program Files/SEGGER/SEGGER Embedded Studio for ARM 6.34a/lib/libc_v7em_fpv4_sp_d16_hard_t_le_eabi_balanced.a(strasmops_arm.o)
                0x0000000000005fdc                __aeabi_memclr8
                0x0000000000005fdc                __aeabi_memclr
                0x0000000000005fdc                __aeabi_memclr4
                0x0000000000005fde                __aeabi_memset4
                0x0000000000005fde                __aeabi_memset8
                0x0000000000005fde                __aeabi_memset
                0x0000000000005fe4                memset
 .text.libc.memcmp
                0x0000000000006044       0x46 C:/Program Files/SEGGER/SEGGER Embedded Studio for ARM 6.34a/lib/libc_v7em_fpv4_sp_d16_hard_t_le_eabi_balanced.a(strops.o)
                0x0000000000006044                memcmp
 *fill*         0x000000000000608a        0x2 
 .text.__SEGGER_RTL_init_heap
                0x000000000000608c       0x14 C:/Program Files/SEGGER/SEGGER Embedded Studio for ARM 6.34a/lib/heapops_basic_v7em_little.a(heapops_basic.o)
                0x000000000000608c                __SEGGER_RTL_init_heap
                0x00000000000060a0                __text_end__ = (__text_start__ + SIZEOF (.text))
                0x0000000000005cd4                __text_size__ = SIZEOF (.text)
                0x00000000000060a0                __text_load_end__ = __text_end__

.vfp11_veneer   0x0000000100000000        0x0
 .vfp11_veneer  0x0000000100000000        0x0 linker stubs

.v4_bx          0x0000000100000000        0x0
 .v4_bx         0x0000000100000000        0x0 linker stubs

.iplt           0x0000000100000000        0x0
 .iplt          0x0000000100000000        0x0 Output/Debug/Obj/breadcrumb/thumb_crt0.o
                0x0000000000000001                . = ASSERT (((__text_start__ == __text_end__) || ((__text_end__ - __FLASH1_segment_start__) <= __FLASH1_segment_size__)), error: .text is too large to fit in FLASH1 memory segment)
                0x00000000000060a0                __log_const_data_load_start__ = ALIGN (__text_end__, 0x4)

.log_const_data
                0x00000000000060a0        0x0
                0x00000000000060a0                __log_const_data_start__ = .
                0x00000000000060a0                __start_log_const_data = __log_const_data_start__
 *(SORT_BY_NAME(.log_const_data*))
                0x00000000000060a0                __log_const_data_end__ = (__log_const_data_start__ + SIZEOF (.log_const_data))
                0x0000000000000000                __log_const_data_size__ = SIZEOF (.log_const_data)
                0x00000000000060a0                __stop_log_const_data = __log_const_data_end__
                0x00000000000060a0                __log_const_data_load_end__ = __log_const_data_end__
                0x0000000000000001                . = ASSERT (((__log_const_data_start__ == __log_const_data_end__) || ((__log_const_data_end__ - __FLASH1_segment_start__) <= __FLASH1_segment_size__)), error: .log_const_data is too large to fit in FLASH1 memory segment)
                0x00000000000060a0                __log_backends_load_start__ = ALIGN (__log_const_data_end__, 0x4)

.log_backends   0x00000000000060a0        0x0
                0x00000000000060a0                __log_backends_start__ = .
                0x00000000000060a0                __start_log_backends = __log_backends_start__
 *(SORT_BY_NAME(.log_backends*))
                0x00000000000060a0                __log_backends_end__ = (__log_backends_start__ + SIZEOF (.log_backends))
                0x0000000000000000                __log_backends_size__ = SIZEOF (.log_backends)
                0x00000000000060a0                __stop_log_backends = __log_backends_end__
                0x00000000000060a0                __log_backends_load_end__ = __log_backends_end__
                0x0000000000000001                . = ASSERT (((__log_backends_start__ == __log_backends_end__) || ((__log_backends_end__ - __FLASH1_segment_start__) <= __FLASH1_segment_size__)), error: .log_backends is too large to fit in FLASH1 memory segment)
                0x00000000000060a0                __nrf_balloc_load_start__ = ALIGN (__log_backends_end__, 0x4)

.nrf_balloc     0x00000000000060a0        0x0
                0x00000000000060a0                __nrf_balloc_start__ = .
                0x00000000000060a0                __start_nrf_balloc = __nrf_balloc_start__
 *(.nrf_balloc*)
                0x00000000000060a0                __nrf_balloc_end__ = (__nrf_balloc_start__ + SIZEOF (.nrf_balloc))
                0x0000000000000000                __nrf_balloc_size__ = SIZEOF (.nrf_balloc)
                0x00000000000060a0                __stop_nrf_balloc = __nrf_balloc_end__
                0x00000000000060a0                __nrf_balloc_load_end__ = __nrf_balloc_end__
                0x0000000000000001                . = ASSERT (((__nrf_balloc_start__ == __nrf_balloc_end__) || ((__nrf_balloc_end__ - __FLASH1_segment_start__) <= __FLASH1_segment_size__)), error: .nrf_balloc is too large to fit in FLASH1 memory segment)
                0x00000000000060a0                __nrf_sections_load_start__ = ALIGN (__nrf_balloc_end__, 0x4)

.nrf_sections   0x00000000000060a0        0x0
                0x00000000000060a0                __nrf_sections_start__ = .
                0x00000000000060a0                __start_nrf_sections = __nrf_sections_start__
 *(.nrf_sections .nrf_sections.*)
                0x00000000000060a0                __nrf_sections_end__ = (__nrf_sections_start__ + SIZEOF (.nrf_sections))
                0x0000000000000000                __nrf_sections_size__ = SIZEOF (.nrf_sections)
                0x00000000000060a0                __nrf_sections_load_end__ = __nrf_sections_end__
                0x0000000000000001                . = ASSERT (((__nrf_sections_start__ == __nrf_sections_end__) || ((__nrf_sections_end__ - __FLASH1_segment_start__) <= __FLASH1_segment_size__)), error: .nrf_sections is too large to fit in FLASH1 memory segment)
                0x00000000000060a0                __log_dynamic_data_load_start__ = ALIGN (__nrf_sections_end__, 0x4)

.log_dynamic_data
                0x0000000020000000        0x0 load address 0x00000000000060a0
                0x0000000020000000                __log_dynamic_data_start__ = .
 *(SORT_BY_NAME(.log_dynamic_data*))
                0x0000000020000000                __log_dynamic_data_end__ = (__log_dynamic_data_start__ + SIZEOF (.log_dynamic_data))
                0x0000000000000000                __log_dynamic_data_size__ = SIZEOF (.log_dynamic_data)
                0x00000000000060a0                __log_dynamic_data_load_end__ = (__log_dynamic_data_load_start__ + SIZEOF (.log_dynamic_data))
                0x0000000000000001                . = ASSERT (((__log_dynamic_data_load_start__ == __log_dynamic_data_load_end__) || ((__log_dynamic_data_load_end__ - __FLASH1_segment_start__) <= __FLASH1_segment_size__)), error: .log_dynamic_data is too large to fit in FLASH1 memory segment)

.log_dynamic_data_run
                0x0000000020000000        0x0
                0x0000000020000000                __log_dynamic_data_run_start__ = .
                0x0000000020000000                __start_log_dynamic_data = __log_dynamic_data_run_start__
                0x0000000020000000                __log_dynamic_data_run_end__ = (__log_dynamic_data_run_start__ + SIZEOF (.log_dynamic_data))
                0x0000000000000000                __log_dynamic_data_run_size__ = (__log_dynamic_data_run_end__ - __log_dynamic_data_run_start__)
                0x0000000020000000                __stop_log_dynamic_data = __log_dynamic_data_run_end__
                0x0000000020000000                __log_dynamic_data_run_load_end__ = __log_dynamic_data_run_end__
                0x0000000000000001                . = ASSERT (((__log_dynamic_data_run_start__ == __log_dynamic_data_run_end__) || ((__log_dynamic_data_run_end__ - __RAM1_segment_start__) <= __RAM1_segment_size__)), error: .log_dynamic_data_run is too large to fit in RAM1 memory segment)
                0x00000000000060a0                __log_filter_data_load_start__ = ALIGN ((__log_dynamic_data_load_start__ + SIZEOF (.log_dynamic_data)), 0x4)

.log_filter_data
                0x0000000020000000        0x0 load address 0x00000000000060a0
                0x0000000020000000                __log_filter_data_start__ = .
 *(SORT_BY_NAME(.log_filter_data*))
                0x0000000020000000                __log_filter_data_end__ = (__log_filter_data_start__ + SIZEOF (.log_filter_data))
                0x0000000000000000                __log_filter_data_size__ = SIZEOF (.log_filter_data)
                0x00000000000060a0                __log_filter_data_load_end__ = (__log_filter_data_load_start__ + SIZEOF (.log_filter_data))
                0x0000000000000001                . = ASSERT (((__log_filter_data_load_start__ == __log_filter_data_load_end__) || ((__log_filter_data_load_end__ - __FLASH1_segment_start__) <= __FLASH1_segment_size__)), error: .log_filter_data is too large to fit in FLASH1 memory segment)

.log_filter_data_run
                0x0000000020000000        0x0
                0x0000000020000000                __log_filter_data_run_start__ = .
                0x0000000020000000                __start_log_filter_data = __log_filter_data_run_start__
                0x0000000020000000                __log_filter_data_run_end__ = (__log_filter_data_run_start__ + SIZEOF (.log_filter_data))
                0x0000000000000000                __log_filter_data_run_size__ = (__log_filter_data_run_end__ - __log_filter_data_run_start__)
                0x0000000020000000                __stop_log_filter_data = __log_filter_data_run_end__
                0x0000000020000000                __log_filter_data_run_load_end__ = __log_filter_data_run_end__
                0x0000000000000001                . = ASSERT (((__log_filter_data_run_start__ == __log_filter_data_run_end__) || ((__log_filter_data_run_end__ - __RAM1_segment_start__) <= __RAM1_segment_size__)), error: .log_filter_data_run is too large to fit in RAM1 memory segment)
                0x0000000020000000                __nrf_sections_run_end_load_start__ = ALIGN (__log_filter_data_run_end__, 0x4)

.nrf_sections_run_end
                0x0000000020000000        0x0
                0x0000000020000000                __nrf_sections_run_end_start__ = .
                0x0000000020000000                __end_nrf_sections_run = __nrf_sections_run_end_start__
 *(.nrf_sections_run_end .nrf_sections_run_end.*)
                0x0000000020000000                __nrf_sections_run_end_end__ = (__nrf_sections_run_end_start__ + SIZEOF (.nrf_sections_run_end))
                0x0000000000000000                __nrf_sections_run_end_size__ = SIZEOF (.nrf_sections_run_end)
                0x0000000020000000                __nrf_sections_run_end_load_end__ = __nrf_sections_run_end_end__
                0x0000000000000001                . = ASSERT (((__nrf_sections_run_end_start__ == __nrf_sections_run_end_end__) || ((__nrf_sections_run_end_end__ - __RAM1_segment_start__) <= __RAM1_segment_size__)), error: .nrf_sections_run_end is too large to fit in RAM1 memory segment)
                0x00000000000060a0                __dtors_load_start__ = ALIGN ((__log_filter_data_load_start__ + SIZEOF (.log_filter_data)), 0x4)

.dtors          0x00000000000060a0        0x0
                0x00000000000060a0                __dtors_start__ = .
 *(SORT_BY_NAME(.dtors.*))
 *(.dtors)
 *(.fini_array)
 *(SORT_BY_NAME(.fini_array.*))
                0x00000000000060a0                __dtors_end__ = (__dtors_start__ + SIZEOF (.dtors))
                0x0000000000000000                __dtors_size__ = SIZEOF (.dtors)
                0x00000000000060a0                __dtors_load_end__ = __dtors_end__
                0x0000000000000001                . = ASSERT (((__dtors_start__ == __dtors_end__) || ((__dtors_end__ - __FLASH1_segment_start__) <= __FLASH1_segment_size__)), error: .dtors is too large to fit in FLASH1 memory segment)
                0x00000000000060a0                __ctors_load_start__ = ALIGN (__dtors_end__, 0x4)

.ctors          0x00000000000060a0        0x0
                0x00000000000060a0                __ctors_start__ = .
 *(SORT_BY_NAME(.ctors.*))
 *(.ctors)
 *(.init_array)
 *(SORT_BY_NAME(.init_array.*))
                0x00000000000060a0                __ctors_end__ = (__ctors_start__ + SIZEOF (.ctors))
                0x0000000000000000                __ctors_size__ = SIZEOF (.ctors)
                0x00000000000060a0                __ctors_load_end__ = __ctors_end__
                0x0000000000000001                . = ASSERT (((__ctors_start__ == __ctors_end__) || ((__ctors_end__ - __FLASH1_segment_start__) <= __FLASH1_segment_size__)), error: .ctors is too large to fit in FLASH1 memory segment)
                0x00000000000060a0                __rodata_load_start__ = ALIGN (__ctors_end__, 0x4)

.rodata         0x00000000000060a0      0x5e4
                0x00000000000060a0                __rodata_start__ = .
 *(.rodata .rodata.* .gnu.linkonce.r.*)
 .rodata        0x00000000000060a0       0x4e Output/Debug/Obj/breadcrumb/boards.o
 *fill*         0x00000000000060ee        0x2 
 .rodata.m_board_led_list
                0x00000000000060f0        0x4 Output/Debug/Obj/breadcrumb/boards.o
 .rodata.m_board_btn_list
                0x00000000000060f4        0x4 Output/Debug/Obj/breadcrumb/boards.o
 .rodata.SIMPLE_TIMER
                0x00000000000060f8        0x8 Output/Debug/Obj/breadcrumb/app_simple_timer.o
                0x00000000000060f8                SIMPLE_TIMER
 .rodata        0x0000000000006100       0x40 Output/Debug/Obj/breadcrumb/app_simple_timer.o
 .rodata        0x0000000000006140       0x39 Output/Debug/Obj/breadcrumb/app_util_platform.o
 *fill*         0x0000000000006179        0x3 
 .rodata        0x000000000000617c       0x82 Output/Debug/Obj/breadcrumb/nrfx_gpiote.o
 *fill*         0x00000000000061fe        0x2 
 .rodata        0x0000000000006200       0x59 Output/Debug/Obj/breadcrumb/nrfx_timer.o
 *fill*         0x0000000000006259        0x3 
 .rodata        0x000000000000625c       0x8d Output/Debug/Obj/breadcrumb/main.o
 *fill*         0x00000000000062e9        0x3 
 .rodata        0x00000000000062ec       0x17 Output/Debug/Obj/breadcrumb/SEGGER_RTT.o
 *fill*         0x0000000000006303        0x1 
 .rodata._aV2C.0
                0x0000000000006304       0x10 Output/Debug/Obj/breadcrumb/SEGGER_RTT_printf.o
 .rodata.chan_idx
                0x0000000000006314        0x8 Output/Debug/Obj/breadcrumb/deca_params_init.o
                0x0000000000006314                chan_idx
 .rodata.tx_config
                0x000000000000631c       0x18 Output/Debug/Obj/breadcrumb/deca_params_init.o
                0x000000000000631c                tx_config
 .rodata.fs_pll_cfg
                0x0000000000006334       0x18 Output/Debug/Obj/breadcrumb/deca_params_init.o
                0x0000000000006334                fs_pll_cfg
 .rodata.fs_pll_tune
                0x000000000000634c        0x6 Output/Debug/Obj/breadcrumb/deca_params_init.o
                0x000000000000634c                fs_pll_tune
 *fill*         0x0000000000006352        0x2 
 .rodata.rx_config
                0x0000000000006354        0x2 Output/Debug/Obj/breadcrumb/deca_params_init.o
                0x0000000000006354                rx_config
 *fill*         0x0000000000006356        0x2 
 .rodata.agc_config
                0x0000000000006358        0x8 Output/Debug/Obj/breadcrumb/deca_params_init.o
                0x0000000000006358                agc_config
 .rodata.dwnsSFDlen
                0x0000000000006360        0x3 Output/Debug/Obj/breadcrumb/deca_params_init.o
                0x0000000000006360                dwnsSFDlen
 *fill*         0x0000000000006363        0x1 
 .rodata.sftsh  0x0000000000006364        0xc Output/Debug/Obj/breadcrumb/deca_params_init.o
                0x0000000000006364                sftsh
 .rodata.dtune1
                0x0000000000006370        0x4 Output/Debug/Obj/breadcrumb/deca_params_init.o
                0x0000000000006370                dtune1
 .rodata.digital_bb_config
                0x0000000000006374       0x20 Output/Debug/Obj/breadcrumb/deca_params_init.o
                0x0000000000006374                digital_bb_config
 .rodata.lde_replicaCoeff
                0x0000000000006394       0x32 Output/Debug/Obj/breadcrumb/deca_params_init.o
                0x0000000000006394                lde_replicaCoeff
 *fill*         0x00000000000063c6        0x2 
 .rodata        0x00000000000063c8       0x47 Output/Debug/Obj/breadcrumb/nrf_drv_common.o
 *fill*         0x000000000000640f        0x1 
 .rodata        0x0000000000006410       0x6c Output/Debug/Obj/breadcrumb/nrf_drv_spi.o
 .rodata        0x000000000000647c       0x94 Output/Debug/Obj/breadcrumb/port_platform.o
 .rodata.spi    0x0000000000006510        0x8 Output/Debug/Obj/breadcrumb/port_platform.o
 *fill*         0x0000000000006518        0x8 
 .rodata.delay_machine_code.0
                0x0000000000006520        0x6 Output/Debug/Obj/breadcrumb/port_platform.o
 *fill*         0x0000000000006526        0x2 
 .rodata        0x0000000000006528       0x40 Output/Debug/Obj/breadcrumb/rtt_input.o
 .rodata        0x0000000000006568       0xe3 Output/Debug/Obj/breadcrumb/uwb_bread.o
 *fill*         0x000000000000664b        0x1 
 .rodata        0x000000000000664c       0x27 Output/Debug/Obj/breadcrumb/uwb_init.o
 *fill*         0x0000000000006673        0x1 
 .rodata        0x0000000000006674        0x6 Output/Debug/Obj/breadcrumb/uwb_rx.o
 *fill*         0x000000000000667a        0x2 
 .rodata        0x000000000000667c        0x8 Output/Debug/Obj/breadcrumb/uwb_tx.o
                0x0000000000006684                __rodata_end__ = (__rodata_start__ + SIZEOF (.rodata))
                0x00000000000005e4                __rodata_size__ = SIZEOF (.rodata)
                0x0000000000006684                __rodata_load_end__ = __rodata_end__

.rel.dyn        0x0000000000006684        0x0
 .rel.iplt      0x0000000000006684        0x0 Output/Debug/Obj/breadcrumb/thumb_crt0.o
                0x0000000000000001                . = ASSERT (((__rodata_start__ == __rodata_end__) || ((__rodata_end__ - __FLASH1_segment_start__) <= __FLASH1_segment_size__)), error: .rodata is too large to fit in FLASH1 memory segment)
                0x0000000000006684                __ARM.exidx_load_start__ = ALIGN (__rodata_end__, 0x4)

.ARM.exidx      0x0000000000006684        0x0
                0x0000000000006684                __ARM.exidx_start__ = .
                0x0000000000006684                __exidx_start = __ARM.exidx_start__
 *(.ARM.exidx .ARM.exidx.*)
                0x0000000000006684                __ARM.exidx_end__ = (__ARM.exidx_start__ + SIZEOF (.ARM.exidx))
                0x0000000000000000                __ARM.exidx_size__ = SIZEOF (.ARM.exidx)
                0x0000000000006684                __exidx_end = __ARM.exidx_end__
                0x0000000000006684                __ARM.exidx_load_end__ = __ARM.exidx_end__
                0x0000000000000001                . = ASSERT (((__ARM.exidx_start__ == __ARM.exidx_end__) || ((__ARM.exidx_end__ - __FLASH1_segment_start__) <= __FLASH1_segment_size__)), error: .ARM.exidx is too large to fit in FLASH1 memory segment)
                0x0000000000006684                __fast_load_start__ = ALIGN (__ARM.exidx_end__, 0x4)

.fast           0x0000000020000000        0x0 load address 0x0000000000006684
                0x0000000020000000                __fast_start__ = .
 *(.fast .fast.*)
                0x0000000020000000                __fast_end__ = (__fast_start__ + SIZEOF (.fast))
                0x0000000000000000                __fast_size__ = SIZEOF (.fast)
                0x0000000000006684                __fast_load_end__ = (__fast_load_start__ + SIZEOF (.fast))
                0x0000000000000001                . = ASSERT (((__fast_load_start__ == __fast_load_end__) || ((__fast_load_end__ - __FLASH1_segment_start__) <= __FLASH1_segment_size__)), error: .fast is too large to fit in FLASH1 memory segment)

.fast_run       0x0000000020000000        0x0
                0x0000000020000000                __fast_run_start__ = .
                0x0000000020000000                __fast_run_end__ = (__fast_run_start__ + SIZEOF (.fast))
                0x0000000000000000                __fast_run_size__ = (__fast_run_end__ - __fast_run_start__)
                0x0000000020000000                __fast_run_load_end__ = __fast_run_end__
                0x0000000000000001                . = ASSERT (((__fast_run_start__ == __fast_run_end__) || ((__fast_run_end__ - __RAM1_segment_start__) <= __RAM1_segment_size__)), error: .fast_run is too large to fit in RAM1 memory segment)
                0x0000000000006684                __data_load_start__ = ALIGN ((__fast_load_start__ + SIZEOF (.fast)), 0x4)

.data           0x0000000020000000       0x44 load address 0x0000000000006684
                0x0000000020000000                __data_start__ = .
 *(.data .data.* .gnu.linkonce.d.*)
 .data.SystemCoreClock
                0x0000000020000000        0x4 Output/Debug/Obj/breadcrumb/system_nrf52.o
                0x0000000020000000                SystemCoreClock
 .data.pdw1000local
                0x0000000020000004        0x4 Output/Debug/Obj/breadcrumb/deca_device.o
 .data.poll_msg
                0x0000000020000008        0xc Output/Debug/Obj/breadcrumb/uwb_bread.o
 .data.resp_msg
                0x0000000020000014       0x14 Output/Debug/Obj/breadcrumb/uwb_bread.o
 .data.dist_scale
                0x0000000020000028        0x8 Output/Debug/Obj/breadcrumb/uwb_bread.o
 .data.dist_offset
                0x0000000020000030        0x8 Output/Debug/Obj/breadcrumb/uwb_bread.o
 .data.config   0x0000000020000038        0xc Output/Debug/Obj/breadcrumb/uwb_init.o
                0x0000000020000044                __data_end__ = (__data_start__ + SIZEOF (.data))
                0x0000000000000044                __data_size__ = SIZEOF (.data)
                0x00000000000066c8                __data_load_end__ = (__data_load_start__ + SIZEOF (.data))

.igot.plt       0x0000000100000000        0x0
 .igot.plt      0x0000000100000000        0x0 Output/Debug/Obj/breadcrumb/thumb_crt0.o
                0x0000000000000001                . = ASSERT (((__data_load_start__ == __data_load_end__) || ((__data_load_end__ - __FLASH1_segment_start__) <= __FLASH1_segment_size__)), error: .data is too large to fit in FLASH1 memory segment)

.data_run       0x0000000020000000        0x0
                0x0000000020000000                __data_run_start__ = .
                0x0000000020000044                __data_run_end__ = (__data_run_start__ + SIZEOF (.data))
                0x0000000000000044                __data_run_size__ = (__data_run_end__ - __data_run_start__)
                0x0000000020000044                __data_run_load_end__ = __data_run_end__
                0x0000000000000001                . = ASSERT (((__data_run_start__ == __data_run_end__) || ((__data_run_end__ - __RAM1_segment_start__) <= __RAM1_segment_size__)), error: .data_run is too large to fit in RAM1 memory segment)
                0x00000000000066c8                __tdata_load_start__ = ALIGN ((__data_load_start__ + SIZEOF (.data)), 0x4)

.tdata          0x0000000020000044        0x0 load address 0x00000000000066c8
                0x0000000020000044                __tdata_start__ = .
 *(.tdata .tdata.*)
                0x0000000020000044                __tdata_end__ = (__tdata_start__ + SIZEOF (.tdata))
                0x0000000000000000                __tdata_size__ = SIZEOF (.tdata)
                0x00000000000066c8                __tdata_load_end__ = (__tdata_load_start__ + SIZEOF (.tdata))
                0x00000000000066c8                __FLASH1_segment_used_end__ = (ALIGN ((__data_load_start__ + SIZEOF (.data)), 0x4) + SIZEOF (.tdata))
                0x00000000000066c8                __FLASH1_segment_used_size__ = (__FLASH1_segment_used_end__ - __FLASH1_segment_start__)
                0x0000000000000001                . = ASSERT (((__tdata_load_start__ == __tdata_load_end__) || ((__tdata_load_end__ - __FLASH1_segment_start__) <= __FLASH1_segment_size__)), error: .tdata is too large to fit in FLASH1 memory segment)

.tdata_run      0x0000000020000044        0x0
                0x0000000020000044                __tdata_run_start__ = .
                0x0000000020000044                __tdata_run_end__ = (__tdata_run_start__ + SIZEOF (.tdata))
                0x0000000000000000                __tdata_run_size__ = (__tdata_run_end__ - __tdata_run_start__)
                0x0000000020000044                __tdata_run_load_end__ = __tdata_run_end__
                0x0000000000000001                . = ASSERT (((__tdata_run_start__ == __tdata_run_end__) || ((__tdata_run_end__ - __RAM1_segment_start__) <= __RAM1_segment_size__)), error: .tdata_run is too large to fit in RAM1 memory segment)
                0x0000000020000044                __bss_load_start__ = ALIGN (__tdata_run_end__, 0x4)

.bss            0x0000000020000044      0xd48
                0x0000000020000044                __bss_start__ = .
 *(.bss .bss.* .gnu.linkonce.b.*)
 .bss.m_error_data.0
                0x0000000020000044       0x20 Output/Debug/Obj/breadcrumb/app_error.o
 .bss.m_queue_event_headers
                0x0000000020000064        0x4 Output/Debug/Obj/breadcrumb/app_scheduler.o
 .bss.m_queue_event_data
                0x0000000020000068        0x4 Output/Debug/Obj/breadcrumb/app_scheduler.o
 .bss.m_queue_start_index
                0x000000002000006c        0x1 Output/Debug/Obj/breadcrumb/app_scheduler.o
 .bss.m_queue_end_index
                0x000000002000006d        0x1 Output/Debug/Obj/breadcrumb/app_scheduler.o
 .bss.m_queue_event_size
                0x000000002000006e        0x2 Output/Debug/Obj/breadcrumb/app_scheduler.o
 .bss.m_queue_size
                0x0000000020000070        0x2 Output/Debug/Obj/breadcrumb/app_scheduler.o
 .bss.m_mode    0x0000000020000072        0x1 Output/Debug/Obj/breadcrumb/app_simple_timer.o
 *fill*         0x0000000020000073        0x1 
 .bss.m_timeout_handler
                0x0000000020000074        0x4 Output/Debug/Obj/breadcrumb/app_simple_timer.o
 .bss.mp_timeout_handler_context
                0x0000000020000078        0x4 Output/Debug/Obj/breadcrumb/app_simple_timer.o
 .bss.m_simple_timer_state
                0x000000002000007c        0x1 Output/Debug/Obj/breadcrumb/app_simple_timer.o
 *fill*         0x000000002000007d        0x3 
 .bss.m_in_critical_region
                0x0000000020000080        0x4 Output/Debug/Obj/breadcrumb/app_util_platform.o
 .bss.m_handlers
                0x0000000020000084        0x4 Output/Debug/Obj/breadcrumb/drv_rtc.o
 .bss.m_cb      0x0000000020000088        0x8 Output/Debug/Obj/breadcrumb/drv_rtc.o
 .bss.m_cb      0x0000000020000090       0x5c Output/Debug/Obj/breadcrumb/nrfx_gpiote.o
 .bss.m_cb      0x00000000200000ec        0xc Output/Debug/Obj/breadcrumb/nrfx_timer.o
 .bss.APP_SCHED_BUF.0
                0x00000000200000f8       0x84 Output/Debug/Obj/breadcrumb/main.o
 .bss._SEGGER_RTT
                0x000000002000017c       0x48 Output/Debug/Obj/breadcrumb/SEGGER_RTT.o
                0x000000002000017c                _SEGGER_RTT
 .bss._acUpBuffer
                0x00000000200001c4      0x800 Output/Debug/Obj/breadcrumb/SEGGER_RTT.o
 .bss._acDownBuffer
                0x00000000200009c4      0x200 Output/Debug/Obj/breadcrumb/SEGGER_RTT.o
 .bss.dw1000local
                0x0000000020000bc4       0x38 Output/Debug/Obj/breadcrumb/deca_device.o
 .bss.m_cb      0x0000000020000bfc       0x24 Output/Debug/Obj/breadcrumb/nrf_drv_spi.o
 .bss.spi_xfer_done
                0x0000000020000c20        0x1 Output/Debug/Obj/breadcrumb/port_platform.o
 *fill*         0x0000000020000c21        0x3 
 .bss.m_rtt_input_handler
                0x0000000020000c24        0x4 Output/Debug/Obj/breadcrumb/rtt_input.o
 .bss.frame_seq_nb_1
                0x0000000020000c28        0x1 Output/Debug/Obj/breadcrumb/uwb_bread.o
 .bss.frame_seq_nb_2
                0x0000000020000c29        0x1 Output/Debug/Obj/breadcrumb/uwb_bread.o
 .bss.frame_seq_nb_3
                0x0000000020000c2a        0x1 Output/Debug/Obj/breadcrumb/uwb_bread.o
 *fill*         0x0000000020000c2b        0x1 
 .bss.rx_buffer
                0x0000000020000c2c       0x14 Output/Debug/Obj/breadcrumb/uwb_bread.o
 .bss.status_reg
                0x0000000020000c40        0x4 Output/Debug/Obj/breadcrumb/uwb_bread.o
 *fill*         0x0000000020000c44        0x4 
 .bss.tof       0x0000000020000c48        0x8 Output/Debug/Obj/breadcrumb/uwb_bread.o
 .bss.distance  0x0000000020000c50        0x8 Output/Debug/Obj/breadcrumb/uwb_bread.o
 .bss.distance_uncal
                0x0000000020000c58        0x8 Output/Debug/Obj/breadcrumb/uwb_bread.o
 .bss.tx_count  0x0000000020000c60        0x4 Output/Debug/Obj/breadcrumb/uwb_bread.o
 .bss.rx_count  0x0000000020000c64        0x4 Output/Debug/Obj/breadcrumb/uwb_bread.o
 .bss.target_node
                0x0000000020000c68        0x2 Output/Debug/Obj/breadcrumb/uwb_bread.o
 *fill*         0x0000000020000c6a        0x6 
 .bss.poll_rx_ts
                0x0000000020000c70        0x8 Output/Debug/Obj/breadcrumb/uwb_bread.o
 .bss.resp_tx_ts
                0x0000000020000c78        0x8 Output/Debug/Obj/breadcrumb/uwb_bread.o
 .bss.rx_frame_seq_nb
                0x0000000020000c80        0x1 Output/Debug/Obj/breadcrumb/uwb_bread.o
 .bss.interrupt_flag
                0x0000000020000c81        0x1 Output/Debug/Obj/breadcrumb/uwb_init.o
                0x0000000020000c81                interrupt_flag
 .bss.address   0x0000000020000c82        0x2 Output/Debug/Obj/breadcrumb/uwb_init.o
                0x0000000020000c82                address
 .bss.rx_data_buffer
                0x0000000020000c84       0x7f Output/Debug/Obj/breadcrumb/uwb_rx.o
                0x0000000020000c84                rx_data_buffer
 *fill*         0x0000000020000d03        0x1 
 .bss.status_reg
                0x0000000020000d04        0x4 Output/Debug/Obj/breadcrumb/uwb_rx.o
 .bss.bread_write_buf
                0x0000000020000d08       0x7f Output/Debug/Obj/breadcrumb/uwb_tx.o
 *fill*         0x0000000020000d87        0x1 
 .bss.__SEGGER_RTL_heap_globals
                0x0000000020000d88        0x4 C:/Program Files/SEGGER/SEGGER Embedded Studio for ARM 6.34a/lib/heapops_basic_v7em_little.a(heapops_basic.o)
 *(COMMON)
                0x0000000020000d8c                __bss_end__ = (__bss_start__ + SIZEOF (.bss))
                0x0000000000000d48                __bss_size__ = SIZEOF (.bss)
                0x0000000020000d8c                __bss_load_end__ = __bss_end__
                0x0000000000000001                . = ASSERT (((__bss_start__ == __bss_end__) || ((__bss_end__ - __RAM1_segment_start__) <= __RAM1_segment_size__)), error: .bss is too large to fit in RAM1 memory segment)
                0x0000000020000d8c                __tbss_load_start__ = ALIGN (__bss_end__, 0x4)

.tbss           0x0000000020000d8c        0x0
                0x0000000020000d8c                __tbss_start__ = .
 *(.tbss .tbss.*)
                0x0000000020000d8c                __tbss_end__ = (__tbss_start__ + SIZEOF (.tbss))
                0x0000000000000000                __tbss_size__ = SIZEOF (.tbss)
                0x0000000020000d8c                __tbss_load_end__ = __tbss_end__
                0x0000000000000001                . = ASSERT (((__tbss_start__ == __tbss_end__) || ((__tbss_end__ - __RAM1_segment_start__) <= __RAM1_segment_size__)), error: .tbss is too large to fit in RAM1 memory segment)
                0x0000000020000d8c                __non_init_load_start__ = ALIGN (__tbss_end__, 0x4)

.non_init       0x0000000020000d8c        0x0
                0x0000000020000d8c                __non_init_start__ = .
 *(.non_init .non_init.*)
                0x0000000020000d8c                __non_init_end__ = (__non_init_start__ + SIZEOF (.non_init))
                0x0000000000000000                __non_init_size__ = SIZEOF (.non_init)
                0x0000000020000d8c                __non_init_load_end__ = __non_init_end__
                0x0000000000000001                . = ASSERT (((__non_init_start__ == __non_init_end__) || ((__non_init_end__ - __RAM1_segment_start__) <= __RAM1_segment_size__)), error: .non_init is too large to fit in RAM1 memory segment)
                0x0000000020000d8c                __heap_load_start__ = ALIGN (__non_init_end__, 0x4)

.heap           0x0000000020000d8c     0x2000
                0x0000000020000d8c                __heap_start__ = .
 *(.heap .heap.*)
                0x0000000020002d8c                . = ALIGN (MAX ((__heap_start__ + __HEAPSIZE__), .), 0x4)
 *fill*         0x0000000020000d8c     0x2000 
                0x0000000020002d8c                __heap_end__ = (__heap_start__ + SIZEOF (.heap))
                0x0000000000002000                __heap_size__ = SIZEOF (.heap)
                0x0000000020002d8c                __heap_load_end__ = __heap_end__
                0x0000000000000001                . = ASSERT (((__heap_start__ == __heap_end__) || ((__heap_end__ - __RAM1_segment_start__) <= __RAM1_segment_size__)), error: .heap is too large to fit in RAM1 memory segment)
                0x0000000000000001                . = ASSERT ((__heap_size__ <= __HEAPSIZE__), error: .heap is larger than specified size)
                0x000000002000e000                __stack_load_start__ = (__RAM1_segment_start__ + (__RAM1_segment_size__ - 0x2000))

.stack          0x000000002000e000     0x2000
                0x000000002000e000                __stack_start__ = .
                0x000000002000e000                __StackLimit = __stack_start__
 *(.stack .stack.*)
                0x0000000020010000                . = ALIGN (MAX ((__stack_start__ + __STACKSIZE__), .), 0x8)
 *fill*         0x000000002000e000     0x2000 
                0x0000000020010000                __stack_end__ = (__stack_start__ + SIZEOF (.stack))
                0x0000000000002000                __stack_size__ = SIZEOF (.stack)
                0x0000000020010000                __StackTop = __stack_end__
                0x0000000020010000                __stack_load_end__ = __stack_end__
                0x0000000000000001                . = ASSERT (((__stack_start__ == __stack_end__) || ((__stack_end__ - __RAM1_segment_start__) <= __RAM1_segment_size__)), error: .stack is too large to fit in RAM1 memory segment)
                0x0000000000000001                . = ASSERT ((__heap_end__ <= __stack_start__), error: section .heap overlaps absolute placed section .stack)
                0x0000000000000001                . = ASSERT ((__stack_size__ <= __STACKSIZE__), error: .stack is larger than specified size)
                0x0000000020010000                __stack_process_load_start__ = ALIGN (__stack_end__, 0x8)

.stack_process  0x0000000020010000        0x0
                0x0000000020010000                __stack_process_start__ = .
 *(.stack_process .stack_process.*)
                0x0000000020010000                . = ALIGN (MAX ((__stack_process_start__ + __STACKSIZE_PROCESS__), .), 0x8)
                0x0000000020010000                __stack_process_end__ = (__stack_process_start__ + SIZEOF (.stack_process))
                0x0000000000000000                __stack_process_size__ = SIZEOF (.stack_process)
                0x0000000020010000                __stack_process_load_end__ = __stack_process_end__
                0x0000000020010000                __RAM1_segment_used_end__ = (ALIGN (__stack_end__, 0x8) + SIZEOF (.stack_process))
                0x0000000000010000                __RAM1_segment_used_size__ = (__RAM1_segment_used_end__ - __RAM1_segment_start__)
                0x0000000000000001                . = ASSERT (((__stack_process_start__ == __stack_process_end__) || ((__stack_process_end__ - __RAM1_segment_start__) <= __RAM1_segment_size__)), error: .stack_process is too large to fit in RAM1 memory segment)
                0x0000000000000001                . = ASSERT ((__stack_process_size__ <= __STACKSIZE_PROCESS__), error: .stack_process is larger than specified size)
START GROUP
LOAD Output/Debug/Obj/breadcrumb/thumb_crt0.o
LOAD Output/Debug/Obj/breadcrumb/nrf_log_frontend.o
LOAD Output/Debug/Obj/breadcrumb/nrf_log_str_formatter.o
LOAD Output/Debug/Obj/breadcrumb/boards.o
LOAD Output/Debug/Obj/breadcrumb/app_button.o
LOAD Output/Debug/Obj/breadcrumb/app_error.o
LOAD Output/Debug/Obj/breadcrumb/app_error_handler_gcc.o
LOAD Output/Debug/Obj/breadcrumb/app_error_weak.o
LOAD Output/Debug/Obj/breadcrumb/app_scheduler.o
LOAD Output/Debug/Obj/breadcrumb/app_simple_timer.o
LOAD Output/Debug/Obj/breadcrumb/app_timer2.o
LOAD Output/Debug/Obj/breadcrumb/app_util_platform.o
LOAD Output/Debug/Obj/breadcrumb/drv_rtc.o
LOAD Output/Debug/Obj/breadcrumb/nrf_assert.o
LOAD Output/Debug/Obj/breadcrumb/nrf_atfifo.o
LOAD Output/Debug/Obj/breadcrumb/nrf_atomic.o
LOAD Output/Debug/Obj/breadcrumb/nrf_balloc.o
LOAD Output/Debug/Obj/breadcrumb/nrf_fprintf.o
LOAD Output/Debug/Obj/breadcrumb/nrf_fprintf_format.o
LOAD Output/Debug/Obj/breadcrumb/nrf_memobj.o
LOAD Output/Debug/Obj/breadcrumb/nrf_ringbuf.o
LOAD Output/Debug/Obj/breadcrumb/nrf_sortlist.o
LOAD Output/Debug/Obj/breadcrumb/nrf_strerror.o
LOAD Output/Debug/Obj/breadcrumb/nrf_nvic.o
LOAD Output/Debug/Obj/breadcrumb/nrf_soc.o
LOAD Output/Debug/Obj/breadcrumb/nrfx_atomic.o
LOAD Output/Debug/Obj/breadcrumb/nrfx_gpiote.o
LOAD Output/Debug/Obj/breadcrumb/nrfx_timer.o
LOAD Output/Debug/Obj/breadcrumb/nrf_nvmc.o
LOAD Output/Debug/Obj/breadcrumb/bsp.o
LOAD Output/Debug/Obj/breadcrumb/main.o
LOAD Output/Debug/Obj/breadcrumb/ses_startup_nrf52.o
LOAD Output/Debug/Obj/breadcrumb/ses_startup_nrf_common.o
LOAD Output/Debug/Obj/breadcrumb/system_nrf52.o
LOAD Output/Debug/Obj/breadcrumb/SEGGER_RTT.o
LOAD Output/Debug/Obj/breadcrumb/SEGGER_RTT_printf.o
LOAD Output/Debug/Obj/breadcrumb/deca_device.o
LOAD Output/Debug/Obj/breadcrumb/deca_params_init.o
LOAD Output/Debug/Obj/breadcrumb/deca_range_tables.o
LOAD Output/Debug/Obj/breadcrumb/nrf_drv_common.o
LOAD Output/Debug/Obj/breadcrumb/nrf_drv_spi.o
LOAD Output/Debug/Obj/breadcrumb/port_platform.o
LOAD Output/Debug/Obj/breadcrumb/rtt_input.o
LOAD Output/Debug/Obj/breadcrumb/uwb_bread.o
LOAD Output/Debug/Obj/breadcrumb/uwb_init.o
LOAD Output/Debug/Obj/breadcrumb/uwb_rx.o
LOAD Output/Debug/Obj/breadcrumb/uwb_tx.o
LOAD Output/Debug/Obj/breadcrumb/flash_util.o
LOAD C:/Users/alexy/AppData/Local/SEGGER/SEGGER Embedded Studio/v3/packages/libraries/libcxx/lib/libcxx_noexcept_v7em_fpv4_sp_d16_hard_t_le_eabi_balanced.a
LOAD C:/Program Files/SEGGER/SEGGER Embedded Studio for ARM 6.34a/lib/libc_v7em_fpv4_sp_d16_hard_t_le_eabi_balanced.a
LOAD C:/Program Files/SEGGER/SEGGER Embedded Studio for ARM 6.34a/lib/heapops_basic_v7em_little.a
LOAD C:/Program Files/SEGGER/SEGGER Embedded Studio for ARM 6.34a/lib/heapops_disable_interrupts_locking_v7em_little.a
END GROUP
OUTPUT(C:/nrf_sdk/examples/myprojects/breadcrumb/project_files/blank/ses/Output/Debug/Exe/breadcrumb.elf elf32-littlearm)
LOAD linker stubs

.ARM.attributes
                0x0000000000000000       0x36
 .ARM.attributes
                0x0000000000000000       0x20 Output/Debug/Obj/breadcrumb/thumb_crt0.o
 .ARM.attributes
                0x0000000000000020       0x36 Output/Debug/Obj/breadcrumb/boards.o
 .ARM.attributes
                0x0000000000000056       0x36 Output/Debug/Obj/breadcrumb/app_error.o
 .ARM.attributes
                0x000000000000008c       0x36 Output/Debug/Obj/breadcrumb/app_error_handler_gcc.o
 .ARM.attributes
                0x00000000000000c2       0x36 Output/Debug/Obj/breadcrumb/app_error_weak.o
 .ARM.attributes
                0x00000000000000f8       0x36 Output/Debug/Obj/breadcrumb/app_scheduler.o
 .ARM.attributes
                0x000000000000012e       0x36 Output/Debug/Obj/breadcrumb/app_simple_timer.o
 .ARM.attributes
                0x0000000000000164       0x36 Output/Debug/Obj/breadcrumb/app_util_platform.o
 .ARM.attributes
                0x000000000000019a       0x36 Output/Debug/Obj/breadcrumb/drv_rtc.o
 .ARM.attributes
                0x00000000000001d0       0x36 Output/Debug/Obj/breadcrumb/nrf_assert.o
 .ARM.attributes
                0x0000000000000206       0x36 Output/Debug/Obj/breadcrumb/nrfx_gpiote.o
 .ARM.attributes
                0x000000000000023c       0x36 Output/Debug/Obj/breadcrumb/nrfx_timer.o
 .ARM.attributes
                0x0000000000000272       0x36 Output/Debug/Obj/breadcrumb/nrf_nvmc.o
 .ARM.attributes
                0x00000000000002a8       0x36 Output/Debug/Obj/breadcrumb/main.o
 .ARM.attributes
                0x00000000000002de       0x20 Output/Debug/Obj/breadcrumb/ses_startup_nrf52.o
 .ARM.attributes
                0x00000000000002fe       0x20 Output/Debug/Obj/breadcrumb/ses_startup_nrf_common.o
 .ARM.attributes
                0x000000000000031e       0x36 Output/Debug/Obj/breadcrumb/system_nrf52.o
 .ARM.attributes
                0x0000000000000354       0x36 Output/Debug/Obj/breadcrumb/SEGGER_RTT.o
 .ARM.attributes
                0x000000000000038a       0x36 Output/Debug/Obj/breadcrumb/SEGGER_RTT_printf.o
 .ARM.attributes
                0x00000000000003c0       0x36 Output/Debug/Obj/breadcrumb/deca_device.o
 .ARM.attributes
                0x00000000000003f6       0x36 Output/Debug/Obj/breadcrumb/deca_params_init.o
 .ARM.attributes
                0x000000000000042c       0x36 Output/Debug/Obj/breadcrumb/nrf_drv_common.o
 .ARM.attributes
                0x0000000000000462       0x36 Output/Debug/Obj/breadcrumb/nrf_drv_spi.o
 .ARM.attributes
                0x0000000000000498       0x36 Output/Debug/Obj/breadcrumb/port_platform.o
 .ARM.attributes
                0x00000000000004ce       0x36 Output/Debug/Obj/breadcrumb/rtt_input.o
 .ARM.attributes
                0x0000000000000504       0x36 Output/Debug/Obj/breadcrumb/uwb_bread.o
 .ARM.attributes
                0x000000000000053a       0x36 Output/Debug/Obj/breadcrumb/uwb_init.o
 .ARM.attributes
                0x0000000000000570       0x36 Output/Debug/Obj/breadcrumb/uwb_rx.o
 .ARM.attributes
                0x00000000000005a6       0x36 Output/Debug/Obj/breadcrumb/uwb_tx.o
 .ARM.attributes
                0x00000000000005dc       0x36 Output/Debug/Obj/breadcrumb/flash_util.o
 .ARM.attributes
                0x0000000000000612       0x20 C:/Program Files/SEGGER/SEGGER Embedded Studio for ARM 6.34a/lib/libc_v7em_fpv4_sp_d16_hard_t_le_eabi_balanced.a(floatasmops_arm.o)
 .ARM.attributes
                0x0000000000000632       0x20 C:/Program Files/SEGGER/SEGGER Embedded Studio for ARM 6.34a/lib/libc_v7em_fpv4_sp_d16_hard_t_le_eabi_balanced.a(strasmops_arm.o)
 .ARM.attributes
                0x0000000000000652       0x3e C:/Program Files/SEGGER/SEGGER Embedded Studio for ARM 6.34a/lib/libc_v7em_fpv4_sp_d16_hard_t_le_eabi_balanced.a(strops.o)

.comment        0x0000000000000000       0x6c
 .comment       0x0000000000000000       0x35 Output/Debug/Obj/breadcrumb/boards.o
                                         0x36 (size before relaxing)
 .comment       0x0000000000000035       0x36 Output/Debug/Obj/breadcrumb/app_error.o
 .comment       0x0000000000000035       0x36 Output/Debug/Obj/breadcrumb/app_error_handler_gcc.o
 .comment       0x0000000000000035       0x36 Output/Debug/Obj/breadcrumb/app_error_weak.o
 .comment       0x0000000000000035       0x36 Output/Debug/Obj/breadcrumb/app_scheduler.o
 .comment       0x0000000000000035       0x36 Output/Debug/Obj/breadcrumb/app_simple_timer.o
 .comment       0x0000000000000035       0x36 Output/Debug/Obj/breadcrumb/app_util_platform.o
 .comment       0x0000000000000035       0x36 Output/Debug/Obj/breadcrumb/drv_rtc.o
 .comment       0x0000000000000035       0x36 Output/Debug/Obj/breadcrumb/nrf_assert.o
 .comment       0x0000000000000035       0x36 Output/Debug/Obj/breadcrumb/nrfx_gpiote.o
 .comment       0x0000000000000035       0x36 Output/Debug/Obj/breadcrumb/nrfx_timer.o
 .comment       0x0000000000000035       0x36 Output/Debug/Obj/breadcrumb/nrf_nvmc.o
 .comment       0x0000000000000035       0x36 Output/Debug/Obj/breadcrumb/main.o
 .comment       0x0000000000000035       0x36 Output/Debug/Obj/breadcrumb/system_nrf52.o
 .comment       0x0000000000000035       0x36 Output/Debug/Obj/breadcrumb/SEGGER_RTT.o
 .comment       0x0000000000000035       0x36 Output/Debug/Obj/breadcrumb/SEGGER_RTT_printf.o
 .comment       0x0000000000000035       0x36 Output/Debug/Obj/breadcrumb/deca_device.o
 .comment       0x0000000000000035       0x36 Output/Debug/Obj/breadcrumb/deca_params_init.o
 .comment       0x0000000000000035       0x36 Output/Debug/Obj/breadcrumb/nrf_drv_common.o
 .comment       0x0000000000000035       0x36 Output/Debug/Obj/breadcrumb/nrf_drv_spi.o
 .comment       0x0000000000000035       0x36 Output/Debug/Obj/breadcrumb/port_platform.o
 .comment       0x0000000000000035       0x36 Output/Debug/Obj/breadcrumb/rtt_input.o
 .comment       0x0000000000000035       0x36 Output/Debug/Obj/breadcrumb/uwb_bread.o
 .comment       0x0000000000000035       0x36 Output/Debug/Obj/breadcrumb/uwb_init.o
 .comment       0x0000000000000035       0x36 Output/Debug/Obj/breadcrumb/uwb_rx.o
 .comment       0x0000000000000035       0x36 Output/Debug/Obj/breadcrumb/uwb_tx.o
 .comment       0x0000000000000035       0x36 Output/Debug/Obj/breadcrumb/flash_util.o
 .comment       0x0000000000000035       0x37 C:/Program Files/SEGGER/SEGGER Embedded Studio for ARM 6.34a/lib/libc_v7em_fpv4_sp_d16_hard_t_le_eabi_balanced.a(strops.o)
                                         0x38 (size before relaxing)
 .comment       0x000000000000006c       0x36 C:/Program Files/SEGGER/SEGGER Embedded Studio for ARM 6.34a/lib/heapops_basic_v7em_little.a(heapops_basic.o)